Archive member included to satisfy reference by file (symbol)

/Applications/Ac6/SystemWorkbench.app/Contents/Eclipse/plugins/fr.ac6.mcu.externaltools.arm-none.macos64_1.16.0.201807130628/tools/compiler/bin/../lib/gcc/arm-none-eabi/7.2.1/thumb/v7e-m/fpv4-sp/hard/libgcc.a(_aeabi_uldivmod.o)
                              Drivers/STM32F4xx_HAL_Driver/Src/stm32f4xx_hal_rcc.o (__aeabi_uldivmod)
/Applications/Ac6/SystemWorkbench.app/Contents/Eclipse/plugins/fr.ac6.mcu.externaltools.arm-none.macos64_1.16.0.201807130628/tools/compiler/bin/../lib/gcc/arm-none-eabi/7.2.1/thumb/v7e-m/fpv4-sp/hard/libgcc.a(_udivmoddi4.o)
                              /Applications/Ac6/SystemWorkbench.app/Contents/Eclipse/plugins/fr.ac6.mcu.externaltools.arm-none.macos64_1.16.0.201807130628/tools/compiler/bin/../lib/gcc/arm-none-eabi/7.2.1/thumb/v7e-m/fpv4-sp/hard/libgcc.a(_aeabi_uldivmod.o) (__udivmoddi4)
/Applications/Ac6/SystemWorkbench.app/Contents/Eclipse/plugins/fr.ac6.mcu.externaltools.arm-none.macos64_1.16.0.201807130628/tools/compiler/bin/../lib/gcc/arm-none-eabi/7.2.1/thumb/v7e-m/fpv4-sp/hard/libgcc.a(_dvmd_tls.o)
                              /Applications/Ac6/SystemWorkbench.app/Contents/Eclipse/plugins/fr.ac6.mcu.externaltools.arm-none.macos64_1.16.0.201807130628/tools/compiler/bin/../lib/gcc/arm-none-eabi/7.2.1/thumb/v7e-m/fpv4-sp/hard/libgcc.a(_aeabi_uldivmod.o) (__aeabi_ldiv0)
/Applications/Ac6/SystemWorkbench.app/Contents/Eclipse/plugins/fr.ac6.mcu.externaltools.arm-none.macos64_1.16.0.201807130628/tools/compiler/bin/../lib/gcc/arm-none-eabi/7.2.1/../../../../arm-none-eabi/lib/thumb/v7e-m/fpv4-sp/hard/libc_nano.a(lib_a-exit.o)
                              /Applications/Ac6/SystemWorkbench.app/Contents/Eclipse/plugins/fr.ac6.mcu.externaltools.arm-none.macos64_1.16.0.201807130628/tools/compiler/bin/../lib/gcc/arm-none-eabi/7.2.1/../../../../arm-none-eabi/lib/thumb/v7e-m/fpv4-sp/hard/crt0.o (exit)
/Applications/Ac6/SystemWorkbench.app/Contents/Eclipse/plugins/fr.ac6.mcu.externaltools.arm-none.macos64_1.16.0.201807130628/tools/compiler/bin/../lib/gcc/arm-none-eabi/7.2.1/../../../../arm-none-eabi/lib/thumb/v7e-m/fpv4-sp/hard/libc_nano.a(lib_a-impure.o)
                              /Applications/Ac6/SystemWorkbench.app/Contents/Eclipse/plugins/fr.ac6.mcu.externaltools.arm-none.macos64_1.16.0.201807130628/tools/compiler/bin/../lib/gcc/arm-none-eabi/7.2.1/../../../../arm-none-eabi/lib/thumb/v7e-m/fpv4-sp/hard/libc_nano.a(lib_a-exit.o) (_global_impure_ptr)
/Applications/Ac6/SystemWorkbench.app/Contents/Eclipse/plugins/fr.ac6.mcu.externaltools.arm-none.macos64_1.16.0.201807130628/tools/compiler/bin/../lib/gcc/arm-none-eabi/7.2.1/../../../../arm-none-eabi/lib/thumb/v7e-m/fpv4-sp/hard/libc_nano.a(lib_a-init.o)
                              /Applications/Ac6/SystemWorkbench.app/Contents/Eclipse/plugins/fr.ac6.mcu.externaltools.arm-none.macos64_1.16.0.201807130628/tools/compiler/bin/../lib/gcc/arm-none-eabi/7.2.1/../../../../arm-none-eabi/lib/thumb/v7e-m/fpv4-sp/hard/crt0.o (__libc_init_array)
/Applications/Ac6/SystemWorkbench.app/Contents/Eclipse/plugins/fr.ac6.mcu.externaltools.arm-none.macos64_1.16.0.201807130628/tools/compiler/bin/../lib/gcc/arm-none-eabi/7.2.1/../../../../arm-none-eabi/lib/thumb/v7e-m/fpv4-sp/hard/libc_nano.a(lib_a-malloc.o)
                              Middlewares/ST/STM32_USB_Host_Library/Class/CDC/Src/usbh_cdc.o (malloc)
/Applications/Ac6/SystemWorkbench.app/Contents/Eclipse/plugins/fr.ac6.mcu.externaltools.arm-none.macos64_1.16.0.201807130628/tools/compiler/bin/../lib/gcc/arm-none-eabi/7.2.1/../../../../arm-none-eabi/lib/thumb/v7e-m/fpv4-sp/hard/libc_nano.a(lib_a-memset.o)
                              /Applications/Ac6/SystemWorkbench.app/Contents/Eclipse/plugins/fr.ac6.mcu.externaltools.arm-none.macos64_1.16.0.201807130628/tools/compiler/bin/../lib/gcc/arm-none-eabi/7.2.1/../../../../arm-none-eabi/lib/thumb/v7e-m/fpv4-sp/hard/crt0.o (memset)
/Applications/Ac6/SystemWorkbench.app/Contents/Eclipse/plugins/fr.ac6.mcu.externaltools.arm-none.macos64_1.16.0.201807130628/tools/compiler/bin/../lib/gcc/arm-none-eabi/7.2.1/../../../../arm-none-eabi/lib/thumb/v7e-m/fpv4-sp/hard/libc_nano.a(lib_a-nano-freer.o)
                              /Applications/Ac6/SystemWorkbench.app/Contents/Eclipse/plugins/fr.ac6.mcu.externaltools.arm-none.macos64_1.16.0.201807130628/tools/compiler/bin/../lib/gcc/arm-none-eabi/7.2.1/../../../../arm-none-eabi/lib/thumb/v7e-m/fpv4-sp/hard/libc_nano.a(lib_a-malloc.o) (_free_r)
/Applications/Ac6/SystemWorkbench.app/Contents/Eclipse/plugins/fr.ac6.mcu.externaltools.arm-none.macos64_1.16.0.201807130628/tools/compiler/bin/../lib/gcc/arm-none-eabi/7.2.1/../../../../arm-none-eabi/lib/thumb/v7e-m/fpv4-sp/hard/libc_nano.a(lib_a-nano-mallocr.o)
[...]
Memory Configuration

Name             Origin             Length             Attributes
RAM              0x0000000020000000 0x0000000000020000 xrw
FLASH            0x0000000008000000 0x0000000000080000 xr
*default*        0x0000000000000000 0xffffffffffffffff

Linker script and memory map

LOAD /Applications/Ac6/SystemWorkbench.app/Contents/Eclipse/plugins/fr.ac6.mcu.externaltools.arm-none.macos64_1.16.0.201807130628/tools/compiler/bin/../lib/gcc/arm-none-eabi/7.2.1/thumb/v7e-m/fpv4-sp/hard/crti.o
LOAD /Applications/Ac6/SystemWorkbench.app/Contents/Eclipse/plugins/fr.ac6.mcu.externaltools.arm-none.macos64_1.16.0.201807130628/tools/compiler/bin/../lib/gcc/arm-none-eabi/7.2.1/thumb/v7e-m/fpv4-sp/hard/crtbegin.o
LOAD /Applications/Ac6/SystemWorkbench.app/Contents/Eclipse/plugins/fr.ac6.mcu.externaltools.arm-none.macos64_1.16.0.201807130628/tools/compiler/bin/../lib/gcc/arm-none-eabi/7.2.1/../../../../arm-none-eabi/lib/thumb/v7e-m/fpv4-sp/hard/crt0.o
LOAD Drivers/STM32F4xx_HAL_Driver/Src/stm32f4xx_hal.o
LOAD Drivers/STM32F4xx_HAL_Driver/Src/stm32f4xx_hal_cortex.o
LOAD Drivers/STM32F4xx_HAL_Driver/Src/stm32f4xx_hal_dma.o
LOAD Drivers/STM32F4xx_HAL_Driver/Src/stm32f4xx_hal_dma_ex.o
LOAD Drivers/STM32F4xx_HAL_Driver/Src/stm32f4xx_hal_flash.o
LOAD Drivers/STM32F4xx_HAL_Driver/Src/stm32f4xx_hal_flash_ex.o
LOAD Drivers/STM32F4xx_HAL_Driver/Src/stm32f4xx_hal_flash_ramfunc.o
LOAD Drivers/STM32F4xx_HAL_Driver/Src/stm32f4xx_hal_gpio.o
LOAD Drivers/STM32F4xx_HAL_Driver/Src/stm32f4xx_hal_hcd.o
LOAD Drivers/STM32F4xx_HAL_Driver/Src/stm32f4xx_hal_i2c.o
LOAD Drivers/STM32F4xx_HAL_Driver/Src/stm32f4xx_hal_i2c_ex.o
LOAD Drivers/STM32F4xx_HAL_Driver/Src/stm32f4xx_hal_i2s.o
LOAD Drivers/STM32F4xx_HAL_Driver/Src/stm32f4xx_hal_i2s_ex.o
LOAD Drivers/STM32F4xx_HAL_Driver/Src/stm32f4xx_hal_pwr.o
LOAD Drivers/STM32F4xx_HAL_Driver/Src/stm32f4xx_hal_pwr_ex.o
LOAD Drivers/STM32F4xx_HAL_Driver/Src/stm32f4xx_hal_rcc.o
LOAD Drivers/STM32F4xx_HAL_Driver/Src/stm32f4xx_hal_rcc_ex.o
LOAD Drivers/STM32F4xx_HAL_Driver/Src/stm32f4xx_hal_spi.o
LOAD Drivers/STM32F4xx_HAL_Driver/Src/stm32f4xx_hal_tim.o
LOAD Drivers/STM32F4xx_HAL_Driver/Src/stm32f4xx_hal_tim_ex.o
LOAD Drivers/STM32F4xx_HAL_Driver/Src/stm32f4xx_ll_usb.o
LOAD Middlewares/ST/STM32_USB_Host_Library/Class/CDC/Src/usbh_cdc.o
LOAD Middlewares/ST/STM32_USB_Host_Library/Core/Src/usbh_core.o
LOAD Middlewares/ST/STM32_USB_Host_Library/Core/Src/usbh_ctlreq.o
LOAD Middlewares/ST/STM32_USB_Host_Library/Core/Src/usbh_ioreq.o
LOAD Middlewares/ST/STM32_USB_Host_Library/Core/Src/usbh_pipes.o
LOAD Src/gpio.o
LOAD Src/i2c.o
LOAD Src/i2s.o
LOAD Src/main.o
LOAD Src/spi.o
LOAD Src/stm32f4xx_hal_msp.o
LOAD Src/stm32f4xx_it.o
LOAD Src/system_stm32f4xx.o
LOAD Src/usb_host.o
LOAD Src/usbh_conf.o
LOAD Src/usbh_platform.o
LOAD startup/startup_stm32f411xe.o
LOAD /Applications/Ac6/SystemWorkbench.app/Contents/Eclipse/plugins/fr.ac6.mcu.externaltools.arm-none.macos64_1.16.0.201807130628/tools/compiler/bin/../lib/gcc/arm-none-eabi/7.2.1/../../../../arm-none-eabi/lib/thumb/v7e-m/fpv4-sp/hard/libm.a
START GROUP
LOAD /Applications/Ac6/SystemWorkbench.app/Contents/Eclipse/plugins/fr.ac6.mcu.externaltools.arm-none.macos64_1.16.0.201807130628/tools/compiler/bin/../lib/gcc/arm-none-eabi/7.2.1/thumb/v7e-m/fpv4-sp/hard/libgcc.a
LOAD /Applications/Ac6/SystemWorkbench.app/Contents/Eclipse/plugins/fr.ac6.mcu.externaltools.arm-none.macos64_1.16.0.201807130628/tools/compiler/bin/../lib/gcc/arm-none-eabi/7.2.1/../../../../arm-none-eabi/lib/thumb/v7e-m/fpv4-sp/hard/libc_nano.a
END GROUP
START GROUP
LOAD /Applications/Ac6/SystemWorkbench.app/Contents/Eclipse/plugins/fr.ac6.mcu.externaltools.arm-none.macos64_1.16.0.201807130628/tools/compiler/bin/../lib/gcc/arm-none-eabi/7.2.1/thumb/v7e-m/fpv4-sp/hard/libgcc.a
LOAD /Applications/Ac6/SystemWorkbench.app/Contents/Eclipse/plugins/fr.ac6.mcu.externaltools.arm-none.macos64_1.16.0.201807130628/tools/compiler/bin/../lib/gcc/arm-none-eabi/7.2.1/../../../../arm-none-eabi/lib/thumb/v7e-m/fpv4-sp/hard/libc_nano.a
LOAD /Applications/Ac6/SystemWorkbench.app/Contents/Eclipse/plugins/fr.ac6.mcu.externaltools.arm-none.macos64_1.16.0.201807130628/tools/compiler/bin/../lib/gcc/arm-none-eabi/7.2.1/../../../../arm-none-eabi/lib/thumb/v7e-m/fpv4-sp/hard/libnosys.a
END GROUP
START GROUP
LOAD /Applications/Ac6/SystemWorkbench.app/Contents/Eclipse/plugins/fr.ac6.mcu.externaltools.arm-none.macos64_1.16.0.201807130628/tools/compiler/bin/../lib/gcc/arm-none-eabi/7.2.1/thumb/v7e-m/fpv4-sp/hard/libgcc.a
LOAD /Applications/Ac6/SystemWorkbench.app/Contents/Eclipse/plugins/fr.ac6.mcu.externaltools.arm-none.macos64_1.16.0.201807130628/tools/compiler/bin/../lib/gcc/arm-none-eabi/7.2.1/../../../../arm-none-eabi/lib/thumb/v7e-m/fpv4-sp/hard/libc_nano.a
LOAD /Applications/Ac6/SystemWorkbench.app/Contents/Eclipse/plugins/fr.ac6.mcu.externaltools.arm-none.macos64_1.16.0.201807130628/tools/compiler/bin/../lib/gcc/arm-none-eabi/7.2.1/../../../../arm-none-eabi/lib/thumb/v7e-m/fpv4-sp/hard/libnosys.a
END GROUP
LOAD /Applications/Ac6/SystemWorkbench.app/Contents/Eclipse/plugins/fr.ac6.mcu.externaltools.arm-none.macos64_1.16.0.201807130628/tools/compiler/bin/../lib/gcc/arm-none-eabi/7.2.1/thumb/v7e-m/fpv4-sp/hard/crtend.o
LOAD /Applications/Ac6/SystemWorkbench.app/Contents/Eclipse/plugins/fr.ac6.mcu.externaltools.arm-none.macos64_1.16.0.201807130628/tools/compiler/bin/../lib/gcc/arm-none-eabi/7.2.1/thumb/v7e-m/fpv4-sp/hard/crtn.o
                0x0000000020020000                _estack = 0x20020000
                0x0000000000000200                _Min_Heap_Size = 0x200
                0x0000000000000400                _Min_Stack_Size = 0x400

.isr_vector     0x0000000008000000      0x198
                0x0000000008000000                . = ALIGN (0x4)
 *(.isr_vector)
 .isr_vector    0x0000000008000000      0x198 startup/startup_stm32f411xe.o
                0x0000000008000000                g_pfnVectors
                0x0000000008000198                . = ALIGN (0x4)

.text           0x0000000008000198     0x4e10
                0x0000000008000198                . = ALIGN (0x4)
 *(.text)
 .text          0x0000000008000198       0x40 /Applications/Ac6/SystemWorkbench.app/Contents/Eclipse/plugins/fr.ac6.mcu.externaltools.arm-none.macos64_1.16.0.201807130628/tools/compiler/bin/../lib/gcc/arm-none-eabi/7.2.1/thumb/v7e-m/fpv4-sp/hard/crtbegin.o
 .text          0x00000000080001d8       0x30 /Applications/Ac6/SystemWorkbench.app/Contents/Eclipse/plugins/fr.ac6.mcu.externaltools.arm-none.macos64_1.16.0.201807130628/tools/compiler/bin/../lib/gcc/arm-none-eabi/7.2.1/thumb/v7e-m/fpv4-sp/hard/libgcc.a(_aeabi_uldivmod.o)
                0x00000000080001d8                __aeabi_uldivmod
 .text          0x0000000008000208      0x2cc /Applications/Ac6/SystemWorkbench.app/Contents/Eclipse/plugins/fr.ac6.mcu.externaltools.arm-none.macos64_1.16.0.201807130628/tools/compiler/bin/../lib/gcc/arm-none-eabi/7.2.1/thumb/v7e-m/fpv4-sp/hard/libgcc.a(_udivmoddi4.o)
                0x0000000008000208                __udivmoddi4
 .text          0x00000000080004d4        0x4 /Applications/Ac6/SystemWorkbench.app/Contents/Eclipse/plugins/fr.ac6.mcu.externaltools.arm-none.macos64_1.16.0.201807130628/tools/compiler/bin/../lib/gcc/arm-none-eabi/7.2.1/thumb/v7e-m/fpv4-sp/hard/libgcc.a(_dvmd_tls.o)
                0x00000000080004d4                __aeabi_ldiv0
                0x00000000080004d4                __aeabi_idiv0
 *(.text*)
 .text.HAL_InitTick
                0x00000000080004d8       0x48 Drivers/STM32F4xx_HAL_Driver/Src/stm32f4xx_hal.o
                0x00000000080004d8                HAL_InitTick
 .text.HAL_Init
                0x0000000008000520       0x34 Drivers/STM32F4xx_HAL_Driver/Src/stm32f4xx_hal.o
                0x0000000008000520                HAL_Init
 .text.HAL_IncTick
                0x0000000008000554       0x18 Drivers/STM32F4xx_HAL_Driver/Src/stm32f4xx_hal.o
                0x0000000008000554                HAL_IncTick
 .text.HAL_GetTick
                0x000000000800056c        0xc Drivers/STM32F4xx_HAL_Driver/Src/stm32f4xx_hal.o
                0x000000000800056c                HAL_GetTick
 .text.HAL_Delay
                0x0000000008000578       0x28 Drivers/STM32F4xx_HAL_Driver/Src/stm32f4xx_hal.o
                0x0000000008000578                HAL_Delay
 .text.HAL_NVIC_SetPriorityGrouping
                0x00000000080005a0       0x3c Drivers/STM32F4xx_HAL_Driver/Src/stm32f4xx_hal_cortex.o
                0x00000000080005a0                HAL_NVIC_SetPriorityGrouping
 .text.HAL_NVIC_SetPriority
                0x00000000080005dc       0x8c Drivers/STM32F4xx_HAL_Driver/Src/stm32f4xx_hal_cortex.o
                0x00000000080005dc                HAL_NVIC_SetPriority
 .text.HAL_NVIC_EnableIRQ
                0x0000000008000668       0x2c Drivers/STM32F4xx_HAL_Driver/Src/stm32f4xx_hal_cortex.o
                0x0000000008000668                HAL_NVIC_EnableIRQ
 .text.HAL_SYSTICK_Config
                0x0000000008000694       0x2c Drivers/STM32F4xx_HAL_Driver/Src/stm32f4xx_hal_cortex.o
                0x0000000008000694                HAL_SYSTICK_Config
 .text.HAL_SYSTICK_CLKSourceConfig
                0x00000000080006c0       0x3c Drivers/STM32F4xx_HAL_Driver/Src/stm32f4xx_hal_cortex.o
                0x00000000080006c0                HAL_SYSTICK_CLKSourceConfig
 .text.HAL_SYSTICK_Callback
                0x00000000080006fc        0x2 Drivers/STM32F4xx_HAL_Driver/Src/stm32f4xx_hal_cortex.o
                0x00000000080006fc                HAL_SYSTICK_Callback
 .text.HAL_SYSTICK_IRQHandler
                0x00000000080006fe        0x8 Drivers/STM32F4xx_HAL_Driver/Src/stm32f4xx_hal_cortex.o
                0x00000000080006fe                HAL_SYSTICK_IRQHandler
 *fill*         0x0000000008000706        0x2 
 .text.HAL_GPIO_Init
                0x0000000008000708      0x2b4 Drivers/STM32F4xx_HAL_Driver/Src/stm32f4xx_hal_gpio.o
                0x0000000008000708                HAL_GPIO_Init
 .text.HAL_GPIO_WritePin
                0x00000000080009bc       0x38 Drivers/STM32F4xx_HAL_Driver/Src/stm32f4xx_hal_gpio.o
                0x00000000080009bc                HAL_GPIO_WritePin
 .text.HAL_GPIO_EXTI_IRQHandler
                0x00000000080009f4       0x1c Drivers/STM32F4xx_HAL_Driver/Src/stm32f4xx_hal_gpio.o
                0x00000000080009f4                HAL_GPIO_EXTI_IRQHandler
 .text.HCD_RXQLVL_IRQHandler
                0x0000000008000a10       0x7c Drivers/STM32F4xx_HAL_Driver/Src/stm32f4xx_hal_hcd.o
 .text.HAL_HCD_HC_Init
                0x0000000008000a8c       0x72 Drivers/STM32F4xx_HAL_Driver/Src/stm32f4xx_hal_hcd.o
                0x0000000008000a8c                HAL_HCD_HC_Init
 .text.HAL_HCD_HC_Halt
                0x0000000008000afe       0x24 Drivers/STM32F4xx_HAL_Driver/Src/stm32f4xx_hal_hcd.o
                0x0000000008000afe                HAL_HCD_HC_Halt
 *fill*         0x0000000008000b22        0x2 
 .text.HAL_HCD_Init
                0x0000000008000b24       0x90 Drivers/STM32F4xx_HAL_Driver/Src/stm32f4xx_hal_hcd.o
                0x0000000008000b24                HAL_HCD_Init
 .text.HAL_HCD_HC_SubmitRequest
                0x0000000008000bb4      0x1cc Drivers/STM32F4xx_HAL_Driver/Src/stm32f4xx_hal_hcd.o
                0x0000000008000bb4                HAL_HCD_HC_SubmitRequest
 .text.HCD_Port_IRQHandler
                0x0000000008000d80       0xc8 Drivers/STM32F4xx_HAL_Driver/Src/stm32f4xx_hal_hcd.o
 .text.HCD_HC_IN_IRQHandler
                0x0000000008000e48      0x28c Drivers/STM32F4xx_HAL_Driver/Src/stm32f4xx_hal_hcd.o
 .text.HCD_HC_OUT_IRQHandler
                0x00000000080010d4      0x29e Drivers/STM32F4xx_HAL_Driver/Src/stm32f4xx_hal_hcd.o
 .text.HAL_HCD_IRQHandler
                0x0000000008001372      0x142 Drivers/STM32F4xx_HAL_Driver/Src/stm32f4xx_hal_hcd.o
                0x0000000008001372                HAL_HCD_IRQHandler
 .text.HAL_HCD_Start
                0x00000000080014b4       0x2c Drivers/STM32F4xx_HAL_Driver/Src/stm32f4xx_hal_hcd.o
                0x00000000080014b4                HAL_HCD_Start
 .text.HAL_HCD_Stop
                0x00000000080014e0       0x24 Drivers/STM32F4xx_HAL_Driver/Src/stm32f4xx_hal_hcd.o
                0x00000000080014e0                HAL_HCD_Stop
 .text.HAL_HCD_ResetPort
                0x0000000008001504        0xa Drivers/STM32F4xx_HAL_Driver/Src/stm32f4xx_hal_hcd.o
                0x0000000008001504                HAL_HCD_ResetPort
 .text.HAL_HCD_HC_GetURBState
                0x000000000800150e        0xe Drivers/STM32F4xx_HAL_Driver/Src/stm32f4xx_hal_hcd.o
                0x000000000800150e                HAL_HCD_HC_GetURBState
 .text.HAL_HCD_HC_GetXferCount
                0x000000000800151c        0xc Drivers/STM32F4xx_HAL_Driver/Src/stm32f4xx_hal_hcd.o
                0x000000000800151c                HAL_HCD_HC_GetXferCount
 .text.HAL_HCD_GetCurrentFrame
                0x0000000008001528        0xa Drivers/STM32F4xx_HAL_Driver/Src/stm32f4xx_hal_hcd.o
                0x0000000008001528                HAL_HCD_GetCurrentFrame
 .text.HAL_HCD_GetCurrentSpeed
                0x0000000008001532        0xa Drivers/STM32F4xx_HAL_Driver/Src/stm32f4xx_hal_hcd.o
                0x0000000008001532                HAL_HCD_GetCurrentSpeed
 .text.HAL_I2C_Init
                0x000000000800153c      0x1f8 Drivers/STM32F4xx_HAL_Driver/Src/stm32f4xx_hal_i2c.o
                0x000000000800153c                HAL_I2C_Init
 .text.HAL_I2S_TxCpltCallback
                0x0000000008001734        0x2 Drivers/STM32F4xx_HAL_Driver/Src/stm32f4xx_hal_i2s.o
                0x0000000008001734                HAL_I2S_TxCpltCallback
 .text.I2S_Transmit_IT
                0x0000000008001736       0x38 Drivers/STM32F4xx_HAL_Driver/Src/stm32f4xx_hal_i2s.o
 .text.HAL_I2S_RxCpltCallback
                0x000000000800176e        0x2 Drivers/STM32F4xx_HAL_Driver/Src/stm32f4xx_hal_i2s.o
                0x000000000800176e                HAL_I2S_RxCpltCallback
 .text.I2S_Receive_IT
                0x0000000008001770       0x38 Drivers/STM32F4xx_HAL_Driver/Src/stm32f4xx_hal_i2s.o
 .text.HAL_I2S_ErrorCallback
                0x00000000080017a8        0x2 Drivers/STM32F4xx_HAL_Driver/Src/stm32f4xx_hal_i2s.o
                0x00000000080017a8                HAL_I2S_ErrorCallback
 *fill*         0x00000000080017aa        0x2 
 .text.HAL_I2S_Init
                0x00000000080017ac      0x290 Drivers/STM32F4xx_HAL_Driver/Src/stm32f4xx_hal_i2s.o
                0x00000000080017ac                HAL_I2S_Init
 .text.I2S_IRQHandler
                0x0000000008001a3c       0xd8 Drivers/STM32F4xx_HAL_Driver/Src/stm32f4xx_hal_i2s.o
 .text.HAL_I2SEx_TxRxCpltCallback
                0x0000000008001b14        0x2 Drivers/STM32F4xx_HAL_Driver/Src/stm32f4xx_hal_i2s_ex.o
                0x0000000008001b14                HAL_I2SEx_TxRxCpltCallback
 *fill*         0x0000000008001b16        0x2 
 .text.I2SEx_FullDuplexTx_IT
                0x0000000008001b18       0xa0 Drivers/STM32F4xx_HAL_Driver/Src/stm32f4xx_hal_i2s_ex.o
 .text.I2SEx_FullDuplexRx_IT
                0x0000000008001bb8       0xa0 Drivers/STM32F4xx_HAL_Driver/Src/stm32f4xx_hal_i2s_ex.o
 .text.HAL_I2SEx_FullDuplex_IRQHandler
                0x0000000008001c58      0x208 Drivers/STM32F4xx_HAL_Driver/Src/stm32f4xx_hal_i2s_ex.o
                0x0000000008001c58                HAL_I2SEx_FullDuplex_IRQHandler
 .text.HAL_RCC_OscConfig
                0x0000000008001e60      0x4a0 Drivers/STM32F4xx_HAL_Driver/Src/stm32f4xx_hal_rcc.o
                0x0000000008001e60                HAL_RCC_OscConfig
 .text.HAL_RCC_GetSysClockFreq
                0x0000000008002300       0xd8 Drivers/STM32F4xx_HAL_Driver/Src/stm32f4xx_hal_rcc.o
                0x0000000008002300                HAL_RCC_GetSysClockFreq
 .text.HAL_RCC_ClockConfig
                0x00000000080023d8      0x214 Drivers/STM32F4xx_HAL_Driver/Src/stm32f4xx_hal_rcc.o
                0x00000000080023d8                HAL_RCC_ClockConfig
 .text.HAL_RCC_GetHCLKFreq
                0x00000000080025ec        0xc Drivers/STM32F4xx_HAL_Driver/Src/stm32f4xx_hal_rcc.o
                0x00000000080025ec                HAL_RCC_GetHCLKFreq
 .text.HAL_RCC_GetPCLK1Freq
                0x00000000080025f8       0x20 Drivers/STM32F4xx_HAL_Driver/Src/stm32f4xx_hal_rcc.o
                0x00000000080025f8                HAL_RCC_GetPCLK1Freq
 .text.HAL_RCCEx_PeriphCLKConfig
                0x0000000008002618      0x2cc Drivers/STM32F4xx_HAL_Driver/Src/stm32f4xx_hal_rcc_ex.o
                0x0000000008002618                HAL_RCCEx_PeriphCLKConfig
 .text.HAL_RCCEx_GetPeriphCLKFreq
                0x00000000080028e4       0x78 Drivers/STM32F4xx_HAL_Driver/Src/stm32f4xx_hal_rcc_ex.o
                0x00000000080028e4                HAL_RCCEx_GetPeriphCLKFreq
 .text.HAL_SPI_Init
                0x000000000800295c      0x1a4 Drivers/STM32F4xx_HAL_Driver/Src/stm32f4xx_hal_spi.o
                0x000000000800295c                HAL_SPI_Init
 .text.USB_CoreInit
                0x0000000008002b00       0x7c Drivers/STM32F4xx_HAL_Driver/Src/stm32f4xx_ll_usb.o
                0x0000000008002b00                USB_CoreInit
 .text.USB_EnableGlobalInt
                0x0000000008002b7c        0xc Drivers/STM32F4xx_HAL_Driver/Src/stm32f4xx_ll_usb.o
                0x0000000008002b7c                USB_EnableGlobalInt
 .text.USB_DisableGlobalInt
                0x0000000008002b88        0xc Drivers/STM32F4xx_HAL_Driver/Src/stm32f4xx_ll_usb.o
                0x0000000008002b88                USB_DisableGlobalInt
 .text.USB_SetCurrentMode
                0x0000000008002b94       0x2c Drivers/STM32F4xx_HAL_Driver/Src/stm32f4xx_ll_usb.o
                0x0000000008002b94                USB_SetCurrentMode
 .text.USB_FlushTxFifo
                0x0000000008002bc0       0x28 Drivers/STM32F4xx_HAL_Driver/Src/stm32f4xx_ll_usb.o
                0x0000000008002bc0                USB_FlushTxFifo
 .text.USB_FlushRxFifo
                0x0000000008002be8       0x24 Drivers/STM32F4xx_HAL_Driver/Src/stm32f4xx_ll_usb.o
                0x0000000008002be8                USB_FlushRxFifo
 .text.USB_WritePacket
                0x0000000008002c0c       0x28 Drivers/STM32F4xx_HAL_Driver/Src/stm32f4xx_ll_usb.o
                0x0000000008002c0c                USB_WritePacket
 .text.USB_ReadPacket
                0x0000000008002c34       0x28 Drivers/STM32F4xx_HAL_Driver/Src/stm32f4xx_ll_usb.o
                0x0000000008002c34                USB_ReadPacket
 .text.USB_ReadInterrupts
                0x0000000008002c5c        0x8 Drivers/STM32F4xx_HAL_Driver/Src/stm32f4xx_ll_usb.o
                0x0000000008002c5c                USB_ReadInterrupts
 .text.USB_GetMode
                0x0000000008002c64        0x8 Drivers/STM32F4xx_HAL_Driver/Src/stm32f4xx_ll_usb.o
                0x0000000008002c64                USB_GetMode
 .text.USB_CoreReset
                0x0000000008002c6c       0x3c Drivers/STM32F4xx_HAL_Driver/Src/stm32f4xx_ll_usb.o
 .text.USB_HostInit
                0x0000000008002ca8       0xec Drivers/STM32F4xx_HAL_Driver/Src/stm32f4xx_ll_usb.o
                0x0000000008002ca8                USB_HostInit
 .text.USB_InitFSLSPClkSel
                0x0000000008002d94       0x40 Drivers/STM32F4xx_HAL_Driver/Src/stm32f4xx_ll_usb.o
                0x0000000008002d94                USB_InitFSLSPClkSel
 .text.USB_ResetPort
                0x0000000008002dd4       0x34 Drivers/STM32F4xx_HAL_Driver/Src/stm32f4xx_ll_usb.o
                0x0000000008002dd4                USB_ResetPort
 .text.USB_DriveVbus
                0x0000000008002e08       0x42 Drivers/STM32F4xx_HAL_Driver/Src/stm32f4xx_ll_usb.o
                0x0000000008002e08                USB_DriveVbus
 .text.USB_GetHostSpeed
                0x0000000008002e4a       0x12 Drivers/STM32F4xx_HAL_Driver/Src/stm32f4xx_ll_usb.o
                0x0000000008002e4a                USB_GetHostSpeed
 .text.USB_GetCurrentFrame
                0x0000000008002e5c        0xa Drivers/STM32F4xx_HAL_Driver/Src/stm32f4xx_ll_usb.o
                0x0000000008002e5c                USB_GetCurrentFrame
 .text.USB_HC_Init
                0x0000000008002e66       0xe0 Drivers/STM32F4xx_HAL_Driver/Src/stm32f4xx_ll_usb.o
                0x0000000008002e66                USB_HC_Init
 *fill*         0x0000000008002f46        0x2 
 .text.USB_HC_StartXfer
                0x0000000008002f48      0x274 Drivers/STM32F4xx_HAL_Driver/Src/stm32f4xx_ll_usb.o
                0x0000000008002f48                USB_HC_StartXfer
 .text.USB_HC_ReadInterrupt
                0x00000000080031bc       0x1e Drivers/STM32F4xx_HAL_Driver/Src/stm32f4xx_ll_usb.o
                0x00000000080031bc                USB_HC_ReadInterrupt
 .text.USB_HC_Halt
                0x00000000080031da      0x1c2 Drivers/STM32F4xx_HAL_Driver/Src/stm32f4xx_ll_usb.o
                0x00000000080031da                USB_HC_Halt
 .text.USB_DoPing
                0x000000000800339c       0x74 Drivers/STM32F4xx_HAL_Driver/Src/stm32f4xx_ll_usb.o
                0x000000000800339c                USB_DoPing
 .text.USB_StopHost
                0x0000000008003410      0x108 Drivers/STM32F4xx_HAL_Driver/Src/stm32f4xx_ll_usb.o
                0x0000000008003410                USB_StopHost
 .text.USBH_CDC_SOFProcess
                0x0000000008003518        0x4 Middlewares/ST/STM32_USB_Host_Library/Class/CDC/Src/usbh_cdc.o
 .text.SetLineCoding
                0x000000000800351c       0x1a Middlewares/ST/STM32_USB_Host_Library/Class/CDC/Src/usbh_cdc.o
 .text.GetLineCoding
                0x0000000008003536       0x1a Middlewares/ST/STM32_USB_Host_Library/Class/CDC/Src/usbh_cdc.o
 .text.USBH_CDC_ClassRequest
                0x0000000008003550       0x22 Middlewares/ST/STM32_USB_Host_Library/Class/CDC/Src/usbh_cdc.o
 .text.USBH_CDC_InterfaceDeInit
                0x0000000008003572       0x68 Middlewares/ST/STM32_USB_Host_Library/Class/CDC/Src/usbh_cdc.o
 .text.USBH_CDC_InterfaceInit
                0x00000000080035da      0x160 Middlewares/ST/STM32_USB_Host_Library/Class/CDC/Src/usbh_cdc.o
 .text.USBH_CDC_TransmitCallback
                0x000000000800373a        0x2 Middlewares/ST/STM32_USB_Host_Library/Class/CDC/Src/usbh_cdc.o
                0x000000000800373a                USBH_CDC_TransmitCallback
 .text.CDC_ProcessTransmission
                0x000000000800373c       0x94 Middlewares/ST/STM32_USB_Host_Library/Class/CDC/Src/usbh_cdc.o
 .text.USBH_CDC_ReceiveCallback
                0x00000000080037d0        0x2 Middlewares/ST/STM32_USB_Host_Library/Class/CDC/Src/usbh_cdc.o
                0x00000000080037d0                USBH_CDC_ReceiveCallback
 .text.CDC_ProcessReception
                0x00000000080037d2       0x6a Middlewares/ST/STM32_USB_Host_Library/Class/CDC/Src/usbh_cdc.o
 .text.USBH_CDC_LineCodingChanged
                0x000000000800383c        0x2 Middlewares/ST/STM32_USB_Host_Library/Class/CDC/Src/usbh_cdc.o
                0x000000000800383c                USBH_CDC_LineCodingChanged
 .text.USBH_CDC_Process
                0x000000000800383e       0xb8 Middlewares/ST/STM32_USB_Host_Library/Class/CDC/Src/usbh_cdc.o
 .text.DeInitStateMachine
                0x00000000080038f6       0x4c Middlewares/ST/STM32_USB_Host_Library/Core/Src/usbh_core.o
 .text.USBH_HandleSof
                0x0000000008003942       0x1a Middlewares/ST/STM32_USB_Host_Library/Core/Src/usbh_core.o
 .text.USBH_HandleEnum
                0x000000000800395c      0x16e Middlewares/ST/STM32_USB_Host_Library/Core/Src/usbh_core.o
 .text.USBH_Init
                0x0000000008003aca       0x2e Middlewares/ST/STM32_USB_Host_Library/Core/Src/usbh_core.o
                0x0000000008003aca                USBH_Init
 .text.USBH_RegisterClass
                0x0000000008003af8       0x22 Middlewares/ST/STM32_USB_Host_Library/Core/Src/usbh_core.o
                0x0000000008003af8                USBH_RegisterClass
 .text.USBH_SelectInterface
                0x0000000008003b1a       0x14 Middlewares/ST/STM32_USB_Host_Library/Core/Src/usbh_core.o
                0x0000000008003b1a                USBH_SelectInterface
 .text.USBH_FindInterface
                0x0000000008003b2e       0x52 Middlewares/ST/STM32_USB_Host_Library/Core/Src/usbh_core.o
                0x0000000008003b2e                USBH_FindInterface
 .text.USBH_Start
                0x0000000008003b80       0x14 Middlewares/ST/STM32_USB_Host_Library/Core/Src/usbh_core.o
                0x0000000008003b80                USBH_Start
 .text.USBH_Process
                0x0000000008003b94      0x192 Middlewares/ST/STM32_USB_Host_Library/Core/Src/usbh_core.o
                0x0000000008003b94                USBH_Process
 .text.USBH_LL_SetTimer
                0x0000000008003d26        0x6 Middlewares/ST/STM32_USB_Host_Library/Core/Src/usbh_core.o
                0x0000000008003d26                USBH_LL_SetTimer
 .text.USBH_LL_IncTimer
                0x0000000008003d2c       0x12 Middlewares/ST/STM32_USB_Host_Library/Core/Src/usbh_core.o
                0x0000000008003d2c                USBH_LL_IncTimer
 .text.USBH_LL_Connect
                0x0000000008003d3e       0x28 Middlewares/ST/STM32_USB_Host_Library/Core/Src/usbh_core.o
                0x0000000008003d3e                USBH_LL_Connect
 .text.USBH_LL_Disconnect
                0x0000000008003d66       0x38 Middlewares/ST/STM32_USB_Host_Library/Core/Src/usbh_core.o
                0x0000000008003d66                USBH_LL_Disconnect
 .text.USBH_ParseDevDesc
                0x0000000008003d9e       0x5c Middlewares/ST/STM32_USB_Host_Library/Core/Src/usbh_ctlreq.o
 .text.USBH_ParseInterfaceDesc
                0x0000000008003dfa       0x26 Middlewares/ST/STM32_USB_Host_Library/Core/Src/usbh_ctlreq.o
 .text.USBH_ParseEPDesc
                0x0000000008003e20       0x20 Middlewares/ST/STM32_USB_Host_Library/Core/Src/usbh_ctlreq.o
 .text.USBH_ParseStringDesc
                0x0000000008003e40       0x3c Middlewares/ST/STM32_USB_Host_Library/Core/Src/usbh_ctlreq.o
 .text.USBH_HandleControl
                0x0000000008003e7c      0x1cc Middlewares/ST/STM32_USB_Host_Library/Core/Src/usbh_ctlreq.o
 .text.USBH_GetNextDesc
                0x0000000008004048        0xe Middlewares/ST/STM32_USB_Host_Library/Core/Src/usbh_ctlreq.o
                0x0000000008004048                USBH_GetNextDesc
 .text.USBH_ParseCfgDesc
                0x0000000008004056       0xc8 Middlewares/ST/STM32_USB_Host_Library/Core/Src/usbh_ctlreq.o
 .text.USBH_CtlReq
                0x000000000800411e       0x40 Middlewares/ST/STM32_USB_Host_Library/Core/Src/usbh_ctlreq.o
                0x000000000800411e                USBH_CtlReq
 .text.USBH_GetDescriptor
                0x000000000800415e       0x3c Middlewares/ST/STM32_USB_Host_Library/Core/Src/usbh_ctlreq.o
                0x000000000800415e                USBH_GetDescriptor
 .text.USBH_Get_DevDesc
                0x000000000800419a       0x32 Middlewares/ST/STM32_USB_Host_Library/Core/Src/usbh_ctlreq.o
                0x000000000800419a                USBH_Get_DevDesc
 .text.USBH_Get_CfgDesc
                0x00000000080041cc       0x32 Middlewares/ST/STM32_USB_Host_Library/Core/Src/usbh_ctlreq.o
                0x00000000080041cc                USBH_Get_CfgDesc
 .text.USBH_Get_StringDesc
                0x00000000080041fe       0x30 Middlewares/ST/STM32_USB_Host_Library/Core/Src/usbh_ctlreq.o
                0x00000000080041fe                USBH_Get_StringDesc
 .text.USBH_SetAddress
                0x000000000800422e       0x22 Middlewares/ST/STM32_USB_Host_Library/Core/Src/usbh_ctlreq.o
                0x000000000800422e                USBH_SetAddress
 .text.USBH_SetCfg
                0x0000000008004250       0x22 Middlewares/ST/STM32_USB_Host_Library/Core/Src/usbh_ctlreq.o
                0x0000000008004250                USBH_SetCfg
 .text.USBH_ClrFeature
                0x0000000008004272       0x24 Middlewares/ST/STM32_USB_Host_Library/Core/Src/usbh_ctlreq.o
                0x0000000008004272                USBH_ClrFeature
 .text.USBH_CtlSendSetup
                0x0000000008004296       0x22 Middlewares/ST/STM32_USB_Host_Library/Core/Src/usbh_ioreq.o
                0x0000000008004296                USBH_CtlSendSetup
 .text.USBH_CtlSendData
                0x00000000080042b8       0x2c Middlewares/ST/STM32_USB_Host_Library/Core/Src/usbh_ioreq.o
                0x00000000080042b8                USBH_CtlSendData
 .text.USBH_CtlReceiveData
                0x00000000080042e4       0x20 Middlewares/ST/STM32_USB_Host_Library/Core/Src/usbh_ioreq.o
                0x00000000080042e4                USBH_CtlReceiveData
 .text.USBH_BulkSendData
                0x0000000008004304       0x2c Middlewares/ST/STM32_USB_Host_Library/Core/Src/usbh_ioreq.o
                0x0000000008004304                USBH_BulkSendData
 .text.USBH_BulkReceiveData
                0x0000000008004330       0x20 Middlewares/ST/STM32_USB_Host_Library/Core/Src/usbh_ioreq.o
                0x0000000008004330                USBH_BulkReceiveData
 .text.USBH_GetFreePipe
                0x0000000008004350       0x26 Middlewares/ST/STM32_USB_Host_Library/Core/Src/usbh_pipes.o
 .text.USBH_OpenPipe
                0x0000000008004376       0x20 Middlewares/ST/STM32_USB_Host_Library/Core/Src/usbh_pipes.o
                0x0000000008004376                USBH_OpenPipe
 .text.USBH_ClosePipe
                0x0000000008004396        0xa Middlewares/ST/STM32_USB_Host_Library/Core/Src/usbh_pipes.o
                0x0000000008004396                USBH_ClosePipe
 .text.USBH_AllocPipe
                0x00000000080043a0       0x24 Middlewares/ST/STM32_USB_Host_Library/Core/Src/usbh_pipes.o
                0x00000000080043a0                USBH_AllocPipe
 .text.USBH_FreePipe
                0x00000000080043c4       0x16 Middlewares/ST/STM32_USB_Host_Library/Core/Src/usbh_pipes.o
                0x00000000080043c4                USBH_FreePipe
 *fill*         0x00000000080043da        0x2 
 .text.MX_GPIO_Init
                0x00000000080043dc      0x158 Src/gpio.o
                0x00000000080043dc                MX_GPIO_Init
 .text.MX_I2C1_Init
                0x0000000008004534       0x44 Src/i2c.o
                0x0000000008004534                MX_I2C1_Init
 .text.HAL_I2C_MspInit
                0x0000000008004578       0x54 Src/i2c.o
                0x0000000008004578                HAL_I2C_MspInit
 .text.MX_I2S2_Init
                0x00000000080045cc       0x44 Src/i2s.o
                0x00000000080045cc                MX_I2S2_Init
 .text.MX_I2S3_Init
                0x0000000008004610       0x44 Src/i2s.o
                0x0000000008004610                MX_I2S3_Init
 .text.HAL_I2S_MspInit
                0x0000000008004654       0xd8 Src/i2s.o
                0x0000000008004654                HAL_I2S_MspInit
 .text.HAL_GPIO_EXTI_Callback
                0x000000000800472c       0x20 Src/main.o
                0x000000000800472c                HAL_GPIO_EXTI_Callback
 .text._Error_Handler
                0x000000000800474c        0x2 Src/main.o
                0x000000000800474c                _Error_Handler
 *fill*         0x000000000800474e        0x2 
 .text.SystemClock_Config
                0x0000000008004750       0xe4 Src/main.o
                0x0000000008004750                SystemClock_Config
 .text.main     0x0000000008004834       0x78 Src/main.o
                0x0000000008004834                main
 .text.assert_failed
                0x00000000080048ac        0x2 Src/main.o
                0x00000000080048ac                assert_failed
 *fill*         0x00000000080048ae        0x2 
 .text.MX_SPI1_Init
                0x00000000080048b0       0x48 Src/spi.o
                0x00000000080048b0                MX_SPI1_Init
 .text.HAL_SPI_MspInit
                0x00000000080048f8       0x50 Src/spi.o
                0x00000000080048f8                HAL_SPI_MspInit
 .text.HAL_MspInit
                0x0000000008004948       0x94 Src/stm32f4xx_hal_msp.o
                0x0000000008004948                HAL_MspInit
 .text.NMI_Handler
                0x00000000080049dc        0x2 Src/stm32f4xx_it.o
                0x00000000080049dc                NMI_Handler
 .text.HardFault_Handler
                0x00000000080049de        0x2 Src/stm32f4xx_it.o
                0x00000000080049de                HardFault_Handler
 .text.MemManage_Handler
                0x00000000080049e0        0x2 Src/stm32f4xx_it.o
                0x00000000080049e0                MemManage_Handler
 .text.BusFault_Handler
                0x00000000080049e2        0x2 Src/stm32f4xx_it.o
                0x00000000080049e2                BusFault_Handler
 .text.UsageFault_Handler
                0x00000000080049e4        0x2 Src/stm32f4xx_it.o
                0x00000000080049e4                UsageFault_Handler
 .text.SVC_Handler
                0x00000000080049e6        0x2 Src/stm32f4xx_it.o
                0x00000000080049e6                SVC_Handler
 .text.DebugMon_Handler
                0x00000000080049e8        0x2 Src/stm32f4xx_it.o
                0x00000000080049e8                DebugMon_Handler
 .text.PendSV_Handler
                0x00000000080049ea        0x2 Src/stm32f4xx_it.o
                0x00000000080049ea                PendSV_Handler
 .text.SysTick_Handler
                0x00000000080049ec        0xc Src/stm32f4xx_it.o
                0x00000000080049ec                SysTick_Handler
 .text.EXTI0_IRQHandler
                0x00000000080049f8        0xa Src/stm32f4xx_it.o
                0x00000000080049f8                EXTI0_IRQHandler
 *fill*         0x0000000008004a02        0x2 
 .text.OTG_FS_IRQHandler
                0x0000000008004a04       0x10 Src/stm32f4xx_it.o
                0x0000000008004a04                OTG_FS_IRQHandler
 .text.SystemInit
                0x0000000008004a14       0x4c Src/system_stm32f4xx.o
                0x0000000008004a14                SystemInit
 .text.USBH_UserProcess
                0x0000000008004a60       0x2c Src/usb_host.o
 .text.MX_USB_HOST_Init
                0x0000000008004a8c       0x2c Src/usb_host.o
                0x0000000008004a8c                MX_USB_HOST_Init
 .text.MX_USB_HOST_Process
                0x0000000008004ab8       0x10 Src/usb_host.o
                0x0000000008004ab8                MX_USB_HOST_Process
 .text.HAL_HCD_MspInit
                0x0000000008004ac8       0x7c Src/usbh_conf.o
                0x0000000008004ac8                HAL_HCD_MspInit
 .text.HAL_HCD_SOF_Callback
                0x0000000008004b44        0xc Src/usbh_conf.o
                0x0000000008004b44                HAL_HCD_SOF_Callback
 .text.HAL_HCD_Connect_Callback
                0x0000000008004b50        0xc Src/usbh_conf.o
                0x0000000008004b50                HAL_HCD_Connect_Callback
 .text.HAL_HCD_Disconnect_Callback
                0x0000000008004b5c        0xc Src/usbh_conf.o
                0x0000000008004b5c                HAL_HCD_Disconnect_Callback
 .text.HAL_HCD_HC_NotifyURBChange_Callback
                0x0000000008004b68        0x2 Src/usbh_conf.o
                0x0000000008004b68                HAL_HCD_HC_NotifyURBChange_Callback
 *fill*         0x0000000008004b6a        0x2 
 .text.USBH_LL_Init
                0x0000000008004b6c       0x5c Src/usbh_conf.o
                0x0000000008004b6c                USBH_LL_Init
 .text.USBH_LL_Start
                0x0000000008004bc8       0x1c Src/usbh_conf.o
                0x0000000008004bc8                USBH_LL_Start
 .text.USBH_LL_Stop
                0x0000000008004be4       0x1c Src/usbh_conf.o
                0x0000000008004be4                USBH_LL_Stop
 .text.USBH_LL_GetSpeed
                0x0000000008004c00       0x1c Src/usbh_conf.o
                0x0000000008004c00                USBH_LL_GetSpeed
 .text.USBH_LL_ResetPort
                0x0000000008004c1c       0x1c Src/usbh_conf.o
                0x0000000008004c1c                USBH_LL_ResetPort
 .text.USBH_LL_GetLastXferSize
                0x0000000008004c38        0xc Src/usbh_conf.o
                0x0000000008004c38                USBH_LL_GetLastXferSize
 .text.USBH_LL_OpenPipe
                0x0000000008004c44       0x32 Src/usbh_conf.o
                0x0000000008004c44                USBH_LL_OpenPipe
 .text.USBH_LL_ClosePipe
                0x0000000008004c76       0x1c Src/usbh_conf.o
                0x0000000008004c76                USBH_LL_ClosePipe
 .text.USBH_LL_SubmitURB
                0x0000000008004c92       0x36 Src/usbh_conf.o
                0x0000000008004c92                USBH_LL_SubmitURB
 .text.USBH_LL_GetURBState
                0x0000000008004cc8        0xc Src/usbh_conf.o
                0x0000000008004cc8                USBH_LL_GetURBState
 .text.USBH_LL_DriverVBUS
                0x0000000008004cd4       0x1c Src/usbh_conf.o
                0x0000000008004cd4                USBH_LL_DriverVBUS
 .text.USBH_LL_SetToggle
                0x0000000008004cf0       0x32 Src/usbh_conf.o
                0x0000000008004cf0                USBH_LL_SetToggle
 .text.USBH_Delay
                0x0000000008004d22        0x8 Src/usbh_conf.o
                0x0000000008004d22                USBH_Delay
 *fill*         0x0000000008004d2a        0x2 
 .text.MX_DriverVbusFS
                0x0000000008004d2c       0x18 Src/usbh_platform.o
                0x0000000008004d2c                MX_DriverVbusFS
 .text.Reset_Handler
                0x0000000008004d44       0x50 startup/startup_stm32f411xe.o
                0x0000000008004d44                Reset_Handler
 .text.Default_Handler
                0x0000000008004d94        0x2 startup/startup_stm32f411xe.o
                0x0000000008004d94                DMA1_Stream3_IRQHandler
                0x0000000008004d94                EXTI2_IRQHandler
                0x0000000008004d94                SPI4_IRQHandler
                0x0000000008004d94                TIM1_CC_IRQHandler
                0x0000000008004d94                DMA2_Stream5_IRQHandler
                0x0000000008004d94                DMA1_Stream5_IRQHandler
                0x0000000008004d94                PVD_IRQHandler
                0x0000000008004d94                SDIO_IRQHandler
                0x0000000008004d94                TAMP_STAMP_IRQHandler
                0x0000000008004d94                EXTI3_IRQHandler
                0x0000000008004d94                TIM1_UP_TIM10_IRQHandler
                0x0000000008004d94                I2C3_ER_IRQHandler
                0x0000000008004d94                I2C2_EV_IRQHandler
                0x0000000008004d94                DMA1_Stream2_IRQHandler
                0x0000000008004d94                FPU_IRQHandler
                0x0000000008004d94                DMA2_Stream2_IRQHandler
                0x0000000008004d94                SPI1_IRQHandler
                0x0000000008004d94                TIM1_BRK_TIM9_IRQHandler
                0x0000000008004d94                DMA2_Stream3_IRQHandler
                0x0000000008004d94                USART6_IRQHandler
                0x0000000008004d94                DMA2_Stream0_IRQHandler
                0x0000000008004d94                TIM4_IRQHandler
                0x0000000008004d94                I2C1_EV_IRQHandler
                0x0000000008004d94                DMA1_Stream6_IRQHandler
                0x0000000008004d94                DMA1_Stream1_IRQHandler
                0x0000000008004d94                TIM3_IRQHandler
                0x0000000008004d94                RCC_IRQHandler
                0x0000000008004d94                Default_Handler
                0x0000000008004d94                EXTI15_10_IRQHandler
                0x0000000008004d94                ADC_IRQHandler
                0x0000000008004d94                DMA1_Stream7_IRQHandler
                0x0000000008004d94                SPI5_IRQHandler
                0x0000000008004d94                TIM5_IRQHandler
                0x0000000008004d94                DMA2_Stream7_IRQHandler
                0x0000000008004d94                I2C3_EV_IRQHandler
                0x0000000008004d94                EXTI9_5_IRQHandler
                0x0000000008004d94                RTC_WKUP_IRQHandler
                0x0000000008004d94                SPI2_IRQHandler
                0x0000000008004d94                DMA1_Stream0_IRQHandler
                0x0000000008004d94                EXTI4_IRQHandler
                0x0000000008004d94                WWDG_IRQHandler
                0x0000000008004d94                TIM2_IRQHandler
                0x0000000008004d94                OTG_FS_WKUP_IRQHandler
                0x0000000008004d94                TIM1_TRG_COM_TIM11_IRQHandler
                0x0000000008004d94                EXTI1_IRQHandler
                0x0000000008004d94                USART2_IRQHandler
                0x0000000008004d94                I2C2_ER_IRQHandler
                0x0000000008004d94                DMA2_Stream1_IRQHandler
                0x0000000008004d94                FLASH_IRQHandler
                0x0000000008004d94                DMA2_Stream4_IRQHandler
                0x0000000008004d94                USART1_IRQHandler
                0x0000000008004d94                SPI3_IRQHandler
                0x0000000008004d94                DMA1_Stream4_IRQHandler
                0x0000000008004d94                I2C1_ER_IRQHandler
                0x0000000008004d94                DMA2_Stream6_IRQHandler
                0x0000000008004d94                RTC_Alarm_IRQHandler
 *fill*         0x0000000008004d96        0x2 
 .text.__libc_init_array
                0x0000000008004d98       0x48 /Applications/Ac6/SystemWorkbench.app/Contents/Eclipse/plugins/fr.ac6.mcu.externaltools.arm-none.macos64_1.16.0.201807130628/tools/compiler/bin/../lib/gcc/arm-none-eabi/7.2.1/../../../../arm-none-eabi/lib/thumb/v7e-m/fpv4-sp/hard/libc_nano.a(lib_a-init.o)
                0x0000000008004d98                __libc_init_array
 .text.malloc   0x0000000008004de0       0x10 /Applications/Ac6/SystemWorkbench.app/Contents/Eclipse/plugins/fr.ac6.mcu.externaltools.arm-none.macos64_1.16.0.201807130628/tools/compiler/bin/../lib/gcc/arm-none-eabi/7.2.1/../../../../arm-none-eabi/lib/thumb/v7e-m/fpv4-sp/hard/libc_nano.a(lib_a-malloc.o)
                0x0000000008004de0                malloc
 .text.free     0x0000000008004df0       0x10 /Applications/Ac6/SystemWorkbench.app/Contents/Eclipse/plugins/fr.ac6.mcu.externaltools.arm-none.macos64_1.16.0.201807130628/tools/compiler/bin/../lib/gcc/arm-none-eabi/7.2.1/../../../../arm-none-eabi/lib/thumb/v7e-m/fpv4-sp/hard/libc_nano.a(lib_a-malloc.o)
                0x0000000008004df0                free
 .text._free_r  0x0000000008004e00       0x9c /Applications/Ac6/SystemWorkbench.app/Contents/Eclipse/plugins/fr.ac6.mcu.externaltools.arm-none.macos64_1.16.0.201807130628/tools/compiler/bin/../lib/gcc/arm-none-eabi/7.2.1/../../../../arm-none-eabi/lib/thumb/v7e-m/fpv4-sp/hard/libc_nano.a(lib_a-nano-freer.o)
                0x0000000008004e00                _free_r
 .text._malloc_r
                0x0000000008004e9c       0xb4 /Applications/Ac6/SystemWorkbench.app/Contents/Eclipse/plugins/fr.ac6.mcu.externaltools.arm-none.macos64_1.16.0.201807130628/tools/compiler/bin/../lib/gcc/arm-none-eabi/7.2.1/../../../../arm-none-eabi/lib/thumb/v7e-m/fpv4-sp/hard/libc_nano.a(lib_a-nano-mallocr.o)
                0x0000000008004e9c                _malloc_r
 .text._sbrk_r  0x0000000008004f50       0x20 /Applications/Ac6/SystemWorkbench.app/Contents/Eclipse/plugins/fr.ac6.mcu.externaltools.arm-none.macos64_1.16.0.201807130628/tools/compiler/bin/../lib/gcc/arm-none-eabi/7.2.1/../../../../arm-none-eabi/lib/thumb/v7e-m/fpv4-sp/hard/libc_nano.a(lib_a-sbrkr.o)
                0x0000000008004f50                _sbrk_r
 .text.__malloc_lock
                0x0000000008004f70        0x2 /Applications/Ac6/SystemWorkbench.app/Contents/Eclipse/plugins/fr.ac6.mcu.externaltools.arm-none.macos64_1.16.0.201807130628/tools/compiler/bin/../lib/gcc/arm-none-eabi/7.2.1/../../../../arm-none-eabi/lib/thumb/v7e-m/fpv4-sp/hard/libc_nano.a(lib_a-mlock.o)
                0x0000000008004f70                __malloc_lock
 .text.__malloc_unlock
                0x0000000008004f72        0x2 /Applications/Ac6/SystemWorkbench.app/Contents/Eclipse/plugins/fr.ac6.mcu.externaltools.arm-none.macos64_1.16.0.201807130628/tools/compiler/bin/../lib/gcc/arm-none-eabi/7.2.1/../../../../arm-none-eabi/lib/thumb/v7e-m/fpv4-sp/hard/libc_nano.a(lib_a-mlock.o)
                0x0000000008004f72                __malloc_unlock
 .text._sbrk    0x0000000008004f74       0x1c /Applications/Ac6/SystemWorkbench.app/Contents/Eclipse/plugins/fr.ac6.mcu.externaltools.arm-none.macos64_1.16.0.201807130628/tools/compiler/bin/../lib/gcc/arm-none-eabi/7.2.1/../../../../arm-none-eabi/lib/thumb/v7e-m/fpv4-sp/hard/libnosys.a(sbrk.o)
                0x0000000008004f74                _sbrk
 *(.glue_7)
 .glue_7        0x0000000008004f90        0x0 linker stubs
 *(.glue_7t)
 .glue_7t       0x0000000008004f90        0x0 linker stubs
 *(.eh_frame)
 .eh_frame      0x0000000008004f90        0x0 /Applications/Ac6/SystemWorkbench.app/Contents/Eclipse/plugins/fr.ac6.mcu.externaltools.arm-none.macos64_1.16.0.201807130628/tools/compiler/bin/../lib/gcc/arm-none-eabi/7.2.1/thumb/v7e-m/fpv4-sp/hard/crtbegin.o
 *(.init)
 .init          0x0000000008004f90        0x4 /Applications/Ac6/SystemWorkbench.app/Contents/Eclipse/plugins/fr.ac6.mcu.externaltools.arm-none.macos64_1.16.0.201807130628/tools/compiler/bin/../lib/gcc/arm-none-eabi/7.2.1/thumb/v7e-m/fpv4-sp/hard/crti.o
                0x0000000008004f90                _init
 .init          0x0000000008004f94        0x8 /Applications/Ac6/SystemWorkbench.app/Contents/Eclipse/plugins/fr.ac6.mcu.externaltools.arm-none.macos64_1.16.0.201807130628/tools/compiler/bin/../lib/gcc/arm-none-eabi/7.2.1/thumb/v7e-m/fpv4-sp/hard/crtn.o
 *(.fini)
 .fini          0x0000000008004f9c        0x4 /Applications/Ac6/SystemWorkbench.app/Contents/Eclipse/plugins/fr.ac6.mcu.externaltools.arm-none.macos64_1.16.0.201807130628/tools/compiler/bin/../lib/gcc/arm-none-eabi/7.2.1/thumb/v7e-m/fpv4-sp/hard/crti.o
                0x0000000008004f9c                _fini
 .fini          0x0000000008004fa0        0x8 /Applications/Ac6/SystemWorkbench.app/Contents/Eclipse/plugins/fr.ac6.mcu.externaltools.arm-none.macos64_1.16.0.201807130628/tools/compiler/bin/../lib/gcc/arm-none-eabi/7.2.1/thumb/v7e-m/fpv4-sp/hard/crtn.o
                0x0000000008004fa8                . = ALIGN (0x4)
                0x0000000008004fa8                _etext = .

.vfp11_veneer   0x0000000008004fa8        0x0
 .vfp11_veneer  0x0000000008004fa8        0x0 linker stubs

.v4_bx          0x0000000008004fa8        0x0
 .v4_bx         0x0000000008004fa8        0x0 linker stubs

.iplt           0x0000000008004fa8        0x0
 .iplt          0x0000000008004fa8        0x0 /Applications/Ac6/SystemWorkbench.app/Contents/Eclipse/plugins/fr.ac6.mcu.externaltools.arm-none.macos64_1.16.0.201807130628/tools/compiler/bin/../lib/gcc/arm-none-eabi/7.2.1/thumb/v7e-m/fpv4-sp/hard/crtbegin.o

.rodata         0x0000000008004fa8      0x23c
                0x0000000008004fa8                . = ALIGN (0x4)
 *(.rodata)
 .rodata        0x0000000008004fa8       0x18 Src/system_stm32f4xx.o
                0x0000000008004fa8                AHBPrescTable
                0x0000000008004fb8                APBPrescTable
 *(.rodata*)
 .rodata.str1.4
                0x0000000008004fc0       0x3b Drivers/STM32F4xx_HAL_Driver/Src/stm32f4xx_hal_cortex.o
 *fill*         0x0000000008004ffb        0x1 
 .rodata.str1.4
                0x0000000008004ffc       0x39 Drivers/STM32F4xx_HAL_Driver/Src/stm32f4xx_hal_gpio.o
 *fill*         0x0000000008005035        0x3 
 .rodata.str1.4
                0x0000000008005038       0x38 Drivers/STM32F4xx_HAL_Driver/Src/stm32f4xx_hal_hcd.o
 .rodata.str1.4
                0x0000000008005070       0x38 Drivers/STM32F4xx_HAL_Driver/Src/stm32f4xx_hal_i2c.o
 .rodata.str1.4
                0x00000000080050a8       0x38 Drivers/STM32F4xx_HAL_Driver/Src/stm32f4xx_hal_i2s.o
 .rodata.str1.4
                0x00000000080050e0       0x38 Drivers/STM32F4xx_HAL_Driver/Src/stm32f4xx_hal_rcc.o
 .rodata.str1.4
                0x0000000008005118       0x3b Drivers/STM32F4xx_HAL_Driver/Src/stm32f4xx_hal_rcc_ex.o
 *fill*         0x0000000008005153        0x1 
 .rodata.str1.4
                0x0000000008005154       0x38 Drivers/STM32F4xx_HAL_Driver/Src/stm32f4xx_hal_spi.o
 .rodata.str1.4
                0x000000000800518c        0x4 Middlewares/ST/STM32_USB_Host_Library/Class/CDC/Src/usbh_cdc.o
 .rodata.str1.4
                0x0000000008005190        0xd Src/i2c.o
 *fill*         0x000000000800519d        0x3 
 .rodata.str1.4
                0x00000000080051a0        0xd Src/i2s.o
 *fill*         0x00000000080051ad        0x3 
 .rodata.str1.4
                0x00000000080051b0        0xe Src/main.o
 *fill*         0x00000000080051be        0x2 
 .rodata.str1.4
                0x00000000080051c0        0xd Src/spi.o
 *fill*         0x00000000080051cd        0x3 
 .rodata.str1.4
                0x00000000080051d0       0x14 Src/usbh_conf.o
                                         0x13 (size before relaxing)
                0x00000000080051e4                . = ALIGN (0x4)

.ARM.extab
 *(.ARM.extab* .gnu.linkonce.armextab.*)

.ARM            0x00000000080051e4        0x8
                0x00000000080051e4                __exidx_start = .
 *(.ARM.exidx*)
 .ARM.exidx     0x00000000080051e4        0x8 /Applications/Ac6/SystemWorkbench.app/Contents/Eclipse/plugins/fr.ac6.mcu.externaltools.arm-none.macos64_1.16.0.201807130628/tools/compiler/bin/../lib/gcc/arm-none-eabi/7.2.1/thumb/v7e-m/fpv4-sp/hard/libgcc.a(_udivmoddi4.o)
                0x00000000080051ec                __exidx_end = .

.rel.dyn        0x00000000080051ec        0x0
 .rel.iplt      0x00000000080051ec        0x0 /Applications/Ac6/SystemWorkbench.app/Contents/Eclipse/plugins/fr.ac6.mcu.externaltools.arm-none.macos64_1.16.0.201807130628/tools/compiler/bin/../lib/gcc/arm-none-eabi/7.2.1/thumb/v7e-m/fpv4-sp/hard/crtbegin.o

.preinit_array  0x00000000080051ec        0x0
                0x00000000080051ec                PROVIDE (__preinit_array_start, .)
 *(.preinit_array*)
                0x00000000080051ec                PROVIDE (__preinit_array_end, .)

.init_array     0x00000000080051ec        0x4
                0x00000000080051ec                PROVIDE (__init_array_start, .)
 *(SORT_BY_NAME(.init_array.*))
 *(.init_array*)
 .init_array    0x00000000080051ec        0x4 /Applications/Ac6/SystemWorkbench.app/Contents/Eclipse/plugins/fr.ac6.mcu.externaltools.arm-none.macos64_1.16.0.201807130628/tools/compiler/bin/../lib/gcc/arm-none-eabi/7.2.1/thumb/v7e-m/fpv4-sp/hard/crtbegin.o
                0x00000000080051f0                PROVIDE (__init_array_end, .)

.fini_array     0x00000000080051f0        0x4
                [!provide]                        PROVIDE (__fini_array_start, .)
 *(SORT_BY_NAME(.fini_array.*))
 *(.fini_array*)
 .fini_array    0x00000000080051f0        0x4 /Applications/Ac6/SystemWorkbench.app/Contents/Eclipse/plugins/fr.ac6.mcu.externaltools.arm-none.macos64_1.16.0.201807130628/tools/compiler/bin/../lib/gcc/arm-none-eabi/7.2.1/thumb/v7e-m/fpv4-sp/hard/crtbegin.o
                [!provide]                        PROVIDE (__fini_array_end, .)
                0x00000000080051f4                _sidata = LOADADDR (.data)

.data           0x0000000020000000       0xa0 load address 0x00000000080051f4
                0x0000000020000000                . = ALIGN (0x4)
                0x0000000020000000                _sdata = .
 *(.data)
 .data          0x0000000020000000        0x8 Drivers/STM32F4xx_HAL_Driver/Src/stm32f4xx_hal.o
                0x0000000020000000                uwTickFreq
                0x0000000020000004                uwTickPrio
 .data          0x0000000020000008       0x20 Middlewares/ST/STM32_USB_Host_Library/Class/CDC/Src/usbh_cdc.o
                0x0000000020000008                CDC_Class
 .data          0x0000000020000028       0x10 Src/main.o
                0x0000000020000028                clockwise
                0x000000002000002c                number_of_leds
                0x0000000020000030                leds
 .data          0x0000000020000038        0x4 Src/system_stm32f4xx.o
                0x0000000020000038                SystemCoreClock
 *(.data*)
 .data._impure_ptr
                0x000000002000003c        0x4 /Applications/Ac6/SystemWorkbench.app/Contents/Eclipse/plugins/fr.ac6.mcu.externaltools.arm-none.macos64_1.16.0.201807130628/tools/compiler/bin/../lib/gcc/arm-none-eabi/7.2.1/../../../../arm-none-eabi/lib/thumb/v7e-m/fpv4-sp/hard/libc_nano.a(lib_a-impure.o)
                0x000000002000003c                _impure_ptr
 .data.impure_data
                0x0000000020000040       0x60 /Applications/Ac6/SystemWorkbench.app/Contents/Eclipse/plugins/fr.ac6.mcu.externaltools.arm-none.macos64_1.16.0.201807130628/tools/compiler/bin/../lib/gcc/arm-none-eabi/7.2.1/../../../../arm-none-eabi/lib/thumb/v7e-m/fpv4-sp/hard/libc_nano.a(lib_a-impure.o)
                0x00000000200000a0                . = ALIGN (0x4)
                0x00000000200000a0                _edata = .

.igot.plt       0x00000000200000a0        0x0 load address 0x0000000008005294
 .igot.plt      0x00000000200000a0        0x0 /Applications/Ac6/SystemWorkbench.app/Contents/Eclipse/plugins/fr.ac6.mcu.externaltools.arm-none.macos64_1.16.0.201807130628/tools/compiler/bin/../lib/gcc/arm-none-eabi/7.2.1/thumb/v7e-m/fpv4-sp/hard/crtbegin.o
                0x00000000200000a0                . = ALIGN (0x4)

.bss            0x00000000200000a0      0x7d4 load address 0x0000000008005294
                0x00000000200000a0                _sbss = .
                0x00000000200000a0                __bss_start__ = _sbss
 *(.bss)
 .bss           0x00000000200000a0       0x1c /Applications/Ac6/SystemWorkbench.app/Contents/Eclipse/plugins/fr.ac6.mcu.externaltools.arm-none.macos64_1.16.0.201807130628/tools/compiler/bin/../lib/gcc/arm-none-eabi/7.2.1/thumb/v7e-m/fpv4-sp/hard/crtbegin.o
 .bss           0x00000000200000bc        0x4 Src/main.o
                0x00000000200000bc                current_state
 .bss           0x00000000200000c0        0x1 Src/usb_host.o
                0x00000000200000c0                Appli_state
 *(.bss*)
 *fill*         0x00000000200000c1        0x3 
 .bss.__malloc_free_list
                0x00000000200000c4        0x4 /Applications/Ac6/SystemWorkbench.app/Contents/Eclipse/plugins/fr.ac6.mcu.externaltools.arm-none.macos64_1.16.0.201807130628/tools/compiler/bin/../lib/gcc/arm-none-eabi/7.2.1/../../../../arm-none-eabi/lib/thumb/v7e-m/fpv4-sp/hard/libc_nano.a(lib_a-nano-mallocr.o)
                0x00000000200000c4                __malloc_free_list
 .bss.__malloc_sbrk_start
                0x00000000200000c8        0x4 /Applications/Ac6/SystemWorkbench.app/Contents/Eclipse/plugins/fr.ac6.mcu.externaltools.arm-none.macos64_1.16.0.201807130628/tools/compiler/bin/../lib/gcc/arm-none-eabi/7.2.1/../../../../arm-none-eabi/lib/thumb/v7e-m/fpv4-sp/hard/libc_nano.a(lib_a-nano-mallocr.o)
                0x00000000200000c8                __malloc_sbrk_start
 .bss.heap_end.5377
                0x00000000200000cc        0x4 /Applications/Ac6/SystemWorkbench.app/Contents/Eclipse/plugins/fr.ac6.mcu.externaltools.arm-none.macos64_1.16.0.201807130628/tools/compiler/bin/../lib/gcc/arm-none-eabi/7.2.1/../../../../arm-none-eabi/lib/thumb/v7e-m/fpv4-sp/hard/libnosys.a(sbrk.o)
 *(COMMON)
 COMMON         0x00000000200000d0        0x4 Drivers/STM32F4xx_HAL_Driver/Src/stm32f4xx_hal.o
                0x00000000200000d0                uwTick
 COMMON         0x00000000200000d4       0x54 Src/i2c.o
                0x00000000200000d4                hi2c1
 COMMON         0x0000000020000128       0x90 Src/i2s.o
                0x0000000020000128                hi2s2
                0x0000000020000170                hi2s3
 COMMON         0x00000000200001b8       0x58 Src/spi.o
                0x00000000200001b8                hspi1
 COMMON         0x0000000020000210      0x3c8 Src/usb_host.o
                0x0000000020000210                hUsbHostFS
 COMMON         0x00000000200005d8      0x298 Src/usbh_conf.o
                0x00000000200005d8                hhcd_USB_OTG_FS
 COMMON         0x0000000020000870        0x4 /Applications/Ac6/SystemWorkbench.app/Contents/Eclipse/plugins/fr.ac6.mcu.externaltools.arm-none.macos64_1.16.0.201807130628/tools/compiler/bin/../lib/gcc/arm-none-eabi/7.2.1/../../../../arm-none-eabi/lib/thumb/v7e-m/fpv4-sp/hard/libc_nano.a(lib_a-reent.o)
                0x0000000020000870                errno
                0x0000000020000874                . = ALIGN (0x4)
                0x0000000020000874                _ebss = .
                0x0000000020000874                __bss_end__ = _ebss

._user_heap_stack
                0x0000000020000874      0x604 load address 0x0000000008005294
                0x0000000020000878                . = ALIGN (0x8)
 *fill*         0x0000000020000874        0x4 
                0x0000000020000878                PROVIDE (end, .)
                [!provide]                        PROVIDE (_end, .)
                0x0000000020000a78                . = (. + _Min_Heap_Size)
 *fill*         0x0000000020000878      0x200 
                0x0000000020000e78                . = (. + _Min_Stack_Size)
 *fill*         0x0000000020000a78      0x400 
                0x0000000020000e78                . = ALIGN (0x8)

/DISCARD/
 libc.a(*)
 libm.a(*)
 libgcc.a(*)

.ARM.attributes
                0x0000000000000000       0x30
 *(.ARM.attributes)
 .ARM.attributes
                0x0000000000000000       0x22 /Applications/Ac6/SystemWorkbench.app/Contents/Eclipse/plugins/fr.ac6.mcu.externaltools.arm-none.macos64_1.16.0.201807130628/tools/compiler/bin/../lib/gcc/arm-none-eabi/7.2.1/thumb/v7e-m/fpv4-sp/hard/crti.o
 .ARM.attributes
                0x0000000000000022       0x34 /Applications/Ac6/SystemWorkbench.app/Contents/Eclipse/plugins/fr.ac6.mcu.externaltools.arm-none.macos64_1.16.0.201807130628/tools/compiler/bin/../lib/gcc/arm-none-eabi/7.2.1/thumb/v7e-m/fpv4-sp/hard/crtbegin.o
 .ARM.attributes
                0x0000000000000056       0x39 Drivers/STM32F4xx_HAL_Driver/Src/stm32f4xx_hal.o
 .ARM.attributes
                0x000000000000008f       0x39 Drivers/STM32F4xx_HAL_Driver/Src/stm32f4xx_hal_cortex.o
 .ARM.attributes
                0x00000000000000c8       0x39 Drivers/STM32F4xx_HAL_Driver/Src/stm32f4xx_hal_gpio.o
 .ARM.attributes
                0x0000000000000101       0x39 Drivers/STM32F4xx_HAL_Driver/Src/stm32f4xx_hal_hcd.o
 .ARM.attributes
                0x000000000000013a       0x39 Drivers/STM32F4xx_HAL_Driver/Src/stm32f4xx_hal_i2c.o
 .ARM.attributes
                0x0000000000000173       0x39 Drivers/STM32F4xx_HAL_Driver/Src/stm32f4xx_hal_i2s.o
 .ARM.attributes
                0x00000000000001ac       0x39 Drivers/STM32F4xx_HAL_Driver/Src/stm32f4xx_hal_i2s_ex.o
 .ARM.attributes
                0x00000000000001e5       0x39 Drivers/STM32F4xx_HAL_Driver/Src/stm32f4xx_hal_rcc.o
 .ARM.attributes
                0x000000000000021e       0x39 Drivers/STM32F4xx_HAL_Driver/Src/stm32f4xx_hal_rcc_ex.o
 .ARM.attributes
                0x0000000000000257       0x39 Drivers/STM32F4xx_HAL_Driver/Src/stm32f4xx_hal_spi.o
 .ARM.attributes
                0x0000000000000290       0x39 Drivers/STM32F4xx_HAL_Driver/Src/stm32f4xx_ll_usb.o
 .ARM.attributes
                0x00000000000002c9       0x39 Middlewares/ST/STM32_USB_Host_Library/Class/CDC/Src/usbh_cdc.o
 .ARM.attributes
                0x0000000000000302       0x39 Middlewares/ST/STM32_USB_Host_Library/Core/Src/usbh_core.o
 .ARM.attributes
                0x000000000000033b       0x39 Middlewares/ST/STM32_USB_Host_Library/Core/Src/usbh_ctlreq.o
 .ARM.attributes
                0x0000000000000374       0x39 Middlewares/ST/STM32_USB_Host_Library/Core/Src/usbh_ioreq.o
 .ARM.attributes
                0x00000000000003ad       0x39 Middlewares/ST/STM32_USB_Host_Library/Core/Src/usbh_pipes.o
 .ARM.attributes
                0x00000000000003e6       0x39 Src/gpio.o
 .ARM.attributes
                0x000000000000041f       0x39 Src/i2c.o
 .ARM.attributes
                0x0000000000000458       0x39 Src/i2s.o
 .ARM.attributes
                0x0000000000000491       0x39 Src/main.o
 .ARM.attributes
                0x00000000000004ca       0x39 Src/spi.o
 .ARM.attributes
                0x0000000000000503       0x39 Src/stm32f4xx_hal_msp.o
 .ARM.attributes
                0x000000000000053c       0x39 Src/stm32f4xx_it.o
 .ARM.attributes
                0x0000000000000575       0x39 Src/system_stm32f4xx.o
 .ARM.attributes
                0x00000000000005ae       0x39 Src/usb_host.o
 .ARM.attributes
                0x00000000000005e7       0x39 Src/usbh_conf.o
 .ARM.attributes
                0x0000000000000620       0x39 Src/usbh_platform.o
 .ARM.attributes
                0x0000000000000659       0x21 startup/startup_stm32f411xe.o
 .ARM.attributes
                0x000000000000067a       0x22 /Applications/Ac6/SystemWorkbench.app/Contents/Eclipse/plugins/fr.ac6.mcu.externaltools.arm-none.macos64_1.16.0.201807130628/tools/compiler/bin/../lib/gcc/arm-none-eabi/7.2.1/thumb/v7e-m/fpv4-sp/hard/libgcc.a(_aeabi_uldivmod.o)
 .ARM.attributes
                0x000000000000069c       0x34 /Applications/Ac6/SystemWorkbench.app/Contents/Eclipse/plugins/fr.ac6.mcu.externaltools.arm-none.macos64_1.16.0.201807130628/tools/compiler/bin/../lib/gcc/arm-none-eabi/7.2.1/thumb/v7e-m/fpv4-sp/hard/libgcc.a(_udivmoddi4.o)
 .ARM.attributes
                0x00000000000006d0       0x22 /Applications/Ac6/SystemWorkbench.app/Contents/Eclipse/plugins/fr.ac6.mcu.externaltools.arm-none.macos64_1.16.0.201807130628/tools/compiler/bin/../lib/gcc/arm-none-eabi/7.2.1/thumb/v7e-m/fpv4-sp/hard/libgcc.a(_dvmd_tls.o)
 .ARM.attributes
                0x00000000000006f2       0x34 /Applications/Ac6/SystemWorkbench.app/Contents/Eclipse/plugins/fr.ac6.mcu.externaltools.arm-none.macos64_1.16.0.201807130628/tools/compiler/bin/../lib/gcc/arm-none-eabi/7.2.1/../../../../arm-none-eabi/lib/thumb/v7e-m/fpv4-sp/hard/libc_nano.a(lib_a-impure.o)
 .ARM.attributes
                0x0000000000000726       0x34 /Applications/Ac6/SystemWorkbench.app/Contents/Eclipse/plugins/fr.ac6.mcu.externaltools.arm-none.macos64_1.16.0.201807130628/tools/compiler/bin/../lib/gcc/arm-none-eabi/7.2.1/../../../../arm-none-eabi/lib/thumb/v7e-m/fpv4-sp/hard/libc_nano.a(lib_a-init.o)
 .ARM.attributes
                0x000000000000075a       0x34 /Applications/Ac6/SystemWorkbench.app/Contents/Eclipse/plugins/fr.ac6.mcu.externaltools.arm-none.macos64_1.16.0.201807130628/tools/compiler/bin/../lib/gcc/arm-none-eabi/7.2.1/../../../../arm-none-eabi/lib/thumb/v7e-m/fpv4-sp/hard/libc_nano.a(lib_a-malloc.o)
 .ARM.attributes
                0x000000000000078e       0x34 /Applications/Ac6/SystemWorkbench.app/Contents/Eclipse/plugins/fr.ac6.mcu.externaltools.arm-none.macos64_1.16.0.201807130628/tools/compiler/bin/../lib/gcc/arm-none-eabi/7.2.1/../../../../arm-none-eabi/lib/thumb/v7e-m/fpv4-sp/hard/libc_nano.a(lib_a-nano-freer.o)
 .ARM.attributes
                0x00000000000007c2       0x34 /Applications/Ac6/SystemWorkbench.app/Contents/Eclipse/plugins/fr.ac6.mcu.externaltools.arm-none.macos64_1.16.0.201807130628/tools/compiler/bin/../lib/gcc/arm-none-eabi/7.2.1/../../../../arm-none-eabi/lib/thumb/v7e-m/fpv4-sp/hard/libc_nano.a(lib_a-nano-mallocr.o)
 .ARM.attributes
                0x00000000000007f6       0x34 /Applications/Ac6/SystemWorkbench.app/Contents/Eclipse/plugins/fr.ac6.mcu.externaltools.arm-none.macos64_1.16.0.201807130628/tools/compiler/bin/../lib/gcc/arm-none-eabi/7.2.1/../../../../arm-none-eabi/lib/thumb/v7e-m/fpv4-sp/hard/libc_nano.a(lib_a-sbrkr.o)
 .ARM.attributes
                0x000000000000082a       0x34 /Applications/Ac6/SystemWorkbench.app/Contents/Eclipse/plugins/fr.ac6.mcu.externaltools.arm-none.macos64_1.16.0.201807130628/tools/compiler/bin/../lib/gcc/arm-none-eabi/7.2.1/../../../../arm-none-eabi/lib/thumb/v7e-m/fpv4-sp/hard/libc_nano.a(lib_a-mlock.o)
 .ARM.attributes
                0x000000000000085e       0x34 /Applications/Ac6/SystemWorkbench.app/Contents/Eclipse/plugins/fr.ac6.mcu.externaltools.arm-none.macos64_1.16.0.201807130628/tools/compiler/bin/../lib/gcc/arm-none-eabi/7.2.1/../../../../arm-none-eabi/lib/thumb/v7e-m/fpv4-sp/hard/libc_nano.a(lib_a-reent.o)
 .ARM.attributes
                0x0000000000000892       0x34 /Applications/Ac6/SystemWorkbench.app/Contents/Eclipse/plugins/fr.ac6.mcu.externaltools.arm-none.macos64_1.16.0.201807130628/tools/compiler/bin/../lib/gcc/arm-none-eabi/7.2.1/../../../../arm-none-eabi/lib/thumb/v7e-m/fpv4-sp/hard/libnosys.a(sbrk.o)
 .ARM.attributes
                0x00000000000008c6       0x22 /Applications/Ac6/SystemWorkbench.app/Contents/Eclipse/plugins/fr.ac6.mcu.externaltools.arm-none.macos64_1.16.0.201807130628/tools/compiler/bin/../lib/gcc/arm-none-eabi/7.2.1/thumb/v7e-m/fpv4-sp/hard/crtn.o
OUTPUT(simple_blink_try_2.elf elf32-littlearm)

.debug_info     0x0000000000000000    0x270b1
 .debug_info    0x0000000000000000     0x1193 Drivers/STM32F4xx_HAL_Driver/Src/stm32f4xx_hal.o
 .debug_info    0x0000000000001193     0x195a Drivers/STM32F4xx_HAL_Driver/Src/stm32f4xx_hal_cortex.o
 .debug_info    0x0000000000002aed     0x1127 Drivers/STM32F4xx_HAL_Driver/Src/stm32f4xx_hal_gpio.o
 .debug_info    0x0000000000003c14     0x19a7 Drivers/STM32F4xx_HAL_Driver/Src/stm32f4xx_hal_hcd.o
 .debug_info    0x00000000000055bb     0x393b Drivers/STM32F4xx_HAL_Driver/Src/stm32f4xx_hal_i2c.o
 .debug_info    0x0000000000008ef6     0x18f9 Drivers/STM32F4xx_HAL_Driver/Src/stm32f4xx_hal_i2s.o
 .debug_info    0x000000000000a7ef     0x15f2 Drivers/STM32F4xx_HAL_Driver/Src/stm32f4xx_hal_i2s_ex.o
 .debug_info    0x000000000000bde1     0x1523 Drivers/STM32F4xx_HAL_Driver/Src/stm32f4xx_hal_rcc.o
 .debug_info    0x000000000000d304     0x100e Drivers/STM32F4xx_HAL_Driver/Src/stm32f4xx_hal_rcc_ex.o
 .debug_info    0x000000000000e312     0x2403 Drivers/STM32F4xx_HAL_Driver/Src/stm32f4xx_hal_spi.o
 .debug_info    0x0000000000010715     0x1f18 Drivers/STM32F4xx_HAL_Driver/Src/stm32f4xx_ll_usb.o
 .debug_info    0x000000000001262d     0x1e20 Middlewares/ST/STM32_USB_Host_Library/Class/CDC/Src/usbh_cdc.o
 .debug_info    0x000000000001444d     0x1aab Middlewares/ST/STM32_USB_Host_Library/Core/Src/usbh_core.o
 .debug_info    0x0000000000015ef8     0x19eb Middlewares/ST/STM32_USB_Host_Library/Core/Src/usbh_ctlreq.o
 .debug_info    0x00000000000178e3     0x164f Middlewares/ST/STM32_USB_Host_Library/Core/Src/usbh_ioreq.o
 .debug_info    0x0000000000018f32     0x12f7 Middlewares/ST/STM32_USB_Host_Library/Core/Src/usbh_pipes.o
 .debug_info    0x000000000001a229     0x100a Src/gpio.o
 .debug_info    0x000000000001b233     0x1255 Src/i2c.o
 .debug_info    0x000000000001c488     0x1339 Src/i2s.o
 .debug_info    0x000000000001d7c1     0x1c2c Src/main.o
 .debug_info    0x000000000001f3ed     0x121f Src/spi.o
 .debug_info    0x000000000002060c      0xdff Src/stm32f4xx_hal_msp.o
 .debug_info    0x000000000002140b      0xeec Src/stm32f4xx_it.o
 .debug_info    0x00000000000222f7      0xd53 Src/system_stm32f4xx.o
 .debug_info    0x000000000002304a     0x1266 Src/usb_host.o
 .debug_info    0x00000000000242b0     0x236c Src/usbh_conf.o
 .debug_info    0x000000000002661c      0xa73 Src/usbh_platform.o
 .debug_info    0x000000000002708f       0x22 startup/startup_stm32f411xe.o

.debug_abbrev   0x0000000000000000     0x4c39
 .debug_abbrev  0x0000000000000000      0x2e5 Drivers/STM32F4xx_HAL_Driver/Src/stm32f4xx_hal.o
 .debug_abbrev  0x00000000000002e5      0x3f1 Drivers/STM32F4xx_HAL_Driver/Src/stm32f4xx_hal_cortex.o
 .debug_abbrev  0x00000000000006d6      0x2de Drivers/STM32F4xx_HAL_Driver/Src/stm32f4xx_hal_gpio.o
 .debug_abbrev  0x00000000000009b4      0x30d Drivers/STM32F4xx_HAL_Driver/Src/stm32f4xx_hal_hcd.o
 .debug_abbrev  0x0000000000000cc1      0x2fb Drivers/STM32F4xx_HAL_Driver/Src/stm32f4xx_hal_i2c.o
 .debug_abbrev  0x0000000000000fbc      0x32c Drivers/STM32F4xx_HAL_Driver/Src/stm32f4xx_hal_i2s.o
 .debug_abbrev  0x00000000000012e8      0x31d Drivers/STM32F4xx_HAL_Driver/Src/stm32f4xx_hal_i2s_ex.o
 .debug_abbrev  0x0000000000001605      0x344 Drivers/STM32F4xx_HAL_Driver/Src/stm32f4xx_hal_rcc.o
 .debug_abbrev  0x0000000000001949      0x299 Drivers/STM32F4xx_HAL_Driver/Src/stm32f4xx_hal_rcc_ex.o
 .debug_abbrev  0x0000000000001be2      0x2f2 Drivers/STM32F4xx_HAL_Driver/Src/stm32f4xx_hal_spi.o
 .debug_abbrev  0x0000000000001ed4      0x306 Drivers/STM32F4xx_HAL_Driver/Src/stm32f4xx_ll_usb.o
 .debug_abbrev  0x00000000000021da      0x346 Middlewares/ST/STM32_USB_Host_Library/Class/CDC/Src/usbh_cdc.o
 .debug_abbrev  0x0000000000002520      0x38b Middlewares/ST/STM32_USB_Host_Library/Core/Src/usbh_core.o
 .debug_abbrev  0x00000000000028ab      0x35d Middlewares/ST/STM32_USB_Host_Library/Core/Src/usbh_ctlreq.o
 .debug_abbrev  0x0000000000002c08      0x281 Middlewares/ST/STM32_USB_Host_Library/Core/Src/usbh_ioreq.o
 .debug_abbrev  0x0000000000002e89      0x2bb Middlewares/ST/STM32_USB_Host_Library/Core/Src/usbh_pipes.o
 .debug_abbrev  0x0000000000003144      0x245 Src/gpio.o
 .debug_abbrev  0x0000000000003389      0x258 Src/i2c.o
 .debug_abbrev  0x00000000000035e1      0x258 Src/i2s.o
 .debug_abbrev  0x0000000000003839      0x2b5 Src/main.o
 .debug_abbrev  0x0000000000003aee      0x258 Src/spi.o
 .debug_abbrev  0x0000000000003d46      0x234 Src/stm32f4xx_hal_msp.o
 .debug_abbrev  0x0000000000003f7a      0x252 Src/stm32f4xx_it.o
 .debug_abbrev  0x00000000000041cc      0x205 Src/system_stm32f4xx.o
 .debug_abbrev  0x00000000000043d1      0x2aa Src/usb_host.o
 .debug_abbrev  0x000000000000467b      0x38a Src/usbh_conf.o
 .debug_abbrev  0x0000000000004a05      0x222 Src/usbh_platform.o
 .debug_abbrev  0x0000000000004c27       0x12 startup/startup_stm32f411xe.o

.debug_loc      0x0000000000000000     0xc0f3
 .debug_loc     0x0000000000000000       0xee Drivers/STM32F4xx_HAL_Driver/Src/stm32f4xx_hal.o
 .debug_loc     0x00000000000000ee      0x75c Drivers/STM32F4xx_HAL_Driver/Src/stm32f4xx_hal_cortex.o
 .debug_loc     0x000000000000084a      0x58e Drivers/STM32F4xx_HAL_Driver/Src/stm32f4xx_hal_gpio.o
 .debug_loc     0x0000000000000dd8      0xb56 Drivers/STM32F4xx_HAL_Driver/Src/stm32f4xx_hal_hcd.o
 .debug_loc     0x000000000000192e     0x2d72 Drivers/STM32F4xx_HAL_Driver/Src/stm32f4xx_hal_i2c.o
 .debug_loc     0x00000000000046a0      0xedd Drivers/STM32F4xx_HAL_Driver/Src/stm32f4xx_hal_i2s.o
 .debug_loc     0x000000000000557d      0xbb5 Drivers/STM32F4xx_HAL_Driver/Src/stm32f4xx_hal_i2s_ex.o
 .debug_loc     0x0000000000006132      0x3f9 Drivers/STM32F4xx_HAL_Driver/Src/stm32f4xx_hal_rcc.o
 .debug_loc     0x000000000000652b      0x33f Drivers/STM32F4xx_HAL_Driver/Src/stm32f4xx_hal_rcc_ex.o
 .debug_loc     0x000000000000686a     0x16e0 Drivers/STM32F4xx_HAL_Driver/Src/stm32f4xx_hal_spi.o
 .debug_loc     0x0000000000007f4a     0x1548 Drivers/STM32F4xx_HAL_Driver/Src/stm32f4xx_ll_usb.o
 .debug_loc     0x0000000000009492      0x624 Middlewares/ST/STM32_USB_Host_Library/Class/CDC/Src/usbh_cdc.o
 .debug_loc     0x0000000000009ab6      0x79d Middlewares/ST/STM32_USB_Host_Library/Core/Src/usbh_core.o
 .debug_loc     0x000000000000a253      0xb82 Middlewares/ST/STM32_USB_Host_Library/Core/Src/usbh_ctlreq.o
 .debug_loc     0x000000000000add5      0x50f Middlewares/ST/STM32_USB_Host_Library/Core/Src/usbh_ioreq.o
 .debug_loc     0x000000000000b2e4      0x1cc Middlewares/ST/STM32_USB_Host_Library/Core/Src/usbh_pipes.o
 .debug_loc     0x000000000000b4b0       0x5b Src/i2c.o
 .debug_loc     0x000000000000b50b       0xa6 Src/i2s.o
 .debug_loc     0x000000000000b5b1       0x5b Src/spi.o
 .debug_loc     0x000000000000b60c      0x13e Src/system_stm32f4xx.o
 .debug_loc     0x000000000000b74a      0x954 Src/usbh_conf.o
 .debug_loc     0x000000000000c09e       0x55 Src/usbh_platform.o

.debug_aranges  0x0000000000000000     0x1038
 .debug_aranges
                0x0000000000000000       0xe0 Drivers/STM32F4xx_HAL_Driver/Src/stm32f4xx_hal.o
 .debug_aranges
                0x00000000000000e0       0xa8 Drivers/STM32F4xx_HAL_Driver/Src/stm32f4xx_hal_cortex.o
 .debug_aranges
                0x0000000000000188       0x58 Drivers/STM32F4xx_HAL_Driver/Src/stm32f4xx_hal_gpio.o
 .debug_aranges
                0x00000000000001e0       0xe0 Drivers/STM32F4xx_HAL_Driver/Src/stm32f4xx_hal_hcd.o
 .debug_aranges
                0x00000000000002c0      0x268 Drivers/STM32F4xx_HAL_Driver/Src/stm32f4xx_hal_i2c.o
 .debug_aranges
                0x0000000000000528      0x108 Drivers/STM32F4xx_HAL_Driver/Src/stm32f4xx_hal_i2s.o
 .debug_aranges
                0x0000000000000630       0x78 Drivers/STM32F4xx_HAL_Driver/Src/stm32f4xx_hal_i2s_ex.o
 .debug_aranges
                0x00000000000006a8       0x88 Drivers/STM32F4xx_HAL_Driver/Src/stm32f4xx_hal_rcc.o
 .debug_aranges
                0x0000000000000730       0x50 Drivers/STM32F4xx_HAL_Driver/Src/stm32f4xx_hal_rcc_ex.o
 .debug_aranges
                0x0000000000000780      0x1c8 Drivers/STM32F4xx_HAL_Driver/Src/stm32f4xx_hal_spi.o
 .debug_aranges
                0x0000000000000948      0x180 Drivers/STM32F4xx_HAL_Driver/Src/stm32f4xx_ll_usb.o
 .debug_aranges
                0x0000000000000ac8       0xa8 Middlewares/ST/STM32_USB_Host_Library/Class/CDC/Src/usbh_cdc.o
 .debug_aranges
                0x0000000000000b70       0xa8 Middlewares/ST/STM32_USB_Host_Library/Core/Src/usbh_core.o
 .debug_aranges
                0x0000000000000c18       0x98 Middlewares/ST/STM32_USB_Host_Library/Core/Src/usbh_ctlreq.o
 .debug_aranges
                0x0000000000000cb0       0x60 Middlewares/ST/STM32_USB_Host_Library/Core/Src/usbh_ioreq.o
 .debug_aranges
                0x0000000000000d10       0x40 Middlewares/ST/STM32_USB_Host_Library/Core/Src/usbh_pipes.o
 .debug_aranges
                0x0000000000000d50       0x20 Src/gpio.o
 .debug_aranges
                0x0000000000000d70       0x30 Src/i2c.o
 .debug_aranges
                0x0000000000000da0       0x38 Src/i2s.o
 .debug_aranges
                0x0000000000000dd8       0x40 Src/main.o
 .debug_aranges
                0x0000000000000e18       0x30 Src/spi.o
 .debug_aranges
                0x0000000000000e48       0x20 Src/stm32f4xx_hal_msp.o
 .debug_aranges
                0x0000000000000e68       0x70 Src/stm32f4xx_it.o
 .debug_aranges
                0x0000000000000ed8       0x28 Src/system_stm32f4xx.o
 .debug_aranges
                0x0000000000000f00       0x30 Src/usb_host.o
 .debug_aranges
                0x0000000000000f30       0xc0 Src/usbh_conf.o
 .debug_aranges
                0x0000000000000ff0       0x20 Src/usbh_platform.o
 .debug_aranges
                0x0000000000001010       0x28 startup/startup_stm32f411xe.o

.debug_ranges   0x0000000000000000      0xf10
 .debug_ranges  0x0000000000000000       0xd0 Drivers/STM32F4xx_HAL_Driver/Src/stm32f4xx_hal.o
 .debug_ranges  0x00000000000000d0       0xf8 Drivers/STM32F4xx_HAL_Driver/Src/stm32f4xx_hal_cortex.o
 .debug_ranges  0x00000000000001c8       0x48 Drivers/STM32F4xx_HAL_Driver/Src/stm32f4xx_hal_gpio.o
 .debug_ranges  0x0000000000000210       0xd0 Drivers/STM32F4xx_HAL_Driver/Src/stm32f4xx_hal_hcd.o
 .debug_ranges  0x00000000000002e0      0x258 Drivers/STM32F4xx_HAL_Driver/Src/stm32f4xx_hal_i2c.o
 .debug_ranges  0x0000000000000538       0xf8 Drivers/STM32F4xx_HAL_Driver/Src/stm32f4xx_hal_i2s.o
 .debug_ranges  0x0000000000000630       0x80 Drivers/STM32F4xx_HAL_Driver/Src/stm32f4xx_hal_i2s_ex.o
 .debug_ranges  0x00000000000006b0       0x90 Drivers/STM32F4xx_HAL_Driver/Src/stm32f4xx_hal_rcc.o
 .debug_ranges  0x0000000000000740       0x40 Drivers/STM32F4xx_HAL_Driver/Src/stm32f4xx_hal_rcc_ex.o
 .debug_ranges  0x0000000000000780      0x1b8 Drivers/STM32F4xx_HAL_Driver/Src/stm32f4xx_hal_spi.o
 .debug_ranges  0x0000000000000938      0x170 Drivers/STM32F4xx_HAL_Driver/Src/stm32f4xx_ll_usb.o
 .debug_ranges  0x0000000000000aa8       0x98 Middlewares/ST/STM32_USB_Host_Library/Class/CDC/Src/usbh_cdc.o
 .debug_ranges  0x0000000000000b40       0x98 Middlewares/ST/STM32_USB_Host_Library/Core/Src/usbh_core.o
 .debug_ranges  0x0000000000000bd8       0x88 Middlewares/ST/STM32_USB_Host_Library/Core/Src/usbh_ctlreq.o
 .debug_ranges  0x0000000000000c60       0x50 Middlewares/ST/STM32_USB_Host_Library/Core/Src/usbh_ioreq.o
 .debug_ranges  0x0000000000000cb0       0x30 Middlewares/ST/STM32_USB_Host_Library/Core/Src/usbh_pipes.o
 .debug_ranges  0x0000000000000ce0       0x10 Src/gpio.o
 .debug_ranges  0x0000000000000cf0       0x20 Src/i2c.o
 .debug_ranges  0x0000000000000d10       0x28 Src/i2s.o
 .debug_ranges  0x0000000000000d38       0x30 Src/main.o
 .debug_ranges  0x0000000000000d68       0x20 Src/spi.o
 .debug_ranges  0x0000000000000d88       0x10 Src/stm32f4xx_hal_msp.o
 .debug_ranges  0x0000000000000d98       0x60 Src/stm32f4xx_it.o
 .debug_ranges  0x0000000000000df8       0x18 Src/system_stm32f4xx.o
 .debug_ranges  0x0000000000000e10       0x20 Src/usb_host.o
 .debug_ranges  0x0000000000000e30       0xb0 Src/usbh_conf.o
 .debug_ranges  0x0000000000000ee0       0x10 Src/usbh_platform.o
 .debug_ranges  0x0000000000000ef0       0x20 startup/startup_stm32f411xe.o

.debug_macro    0x0000000000000000    0x1aa11
 .debug_macro   0x0000000000000000      0x3bd Drivers/STM32F4xx_HAL_Driver/Src/stm32f4xx_hal.o
 .debug_macro   0x00000000000003bd      0xa60 Drivers/STM32F4xx_HAL_Driver/Src/stm32f4xx_hal.o
 .debug_macro   0x0000000000000e1d      0x17a Drivers/STM32F4xx_HAL_Driver/Src/stm32f4xx_hal.o
 .debug_macro   0x0000000000000f97      0x193 Drivers/STM32F4xx_HAL_Driver/Src/stm32f4xx_hal.o
 .debug_macro   0x000000000000112a       0x32 Drivers/STM32F4xx_HAL_Driver/Src/stm32f4xx_hal.o
 .debug_macro   0x000000000000115c       0x28 Drivers/STM32F4xx_HAL_Driver/Src/stm32f4xx_hal.o
 .debug_macro   0x0000000000001184       0x22 Drivers/STM32F4xx_HAL_Driver/Src/stm32f4xx_hal.o
 .debug_macro   0x00000000000011a6       0x87 Drivers/STM32F4xx_HAL_Driver/Src/stm32f4xx_hal.o
 .debug_macro   0x000000000000122d       0x51 Drivers/STM32F4xx_HAL_Driver/Src/stm32f4xx_hal.o
 .debug_macro   0x000000000000127e       0xef Drivers/STM32F4xx_HAL_Driver/Src/stm32f4xx_hal.o
 .debug_macro   0x000000000000136d       0x6a Drivers/STM32F4xx_HAL_Driver/Src/stm32f4xx_hal.o
 .debug_macro   0x00000000000013d7      0x1df Drivers/STM32F4xx_HAL_Driver/Src/stm32f4xx_hal.o
 .debug_macro   0x00000000000015b6       0x35 Drivers/STM32F4xx_HAL_Driver/Src/stm32f4xx_hal.o
 .debug_macro   0x00000000000015eb       0x50 Drivers/STM32F4xx_HAL_Driver/Src/stm32f4xx_hal.o
 .debug_macro   0x000000000000163b      0xe66 Drivers/STM32F4xx_HAL_Driver/Src/stm32f4xx_hal.o
 .debug_macro   0x00000000000024a1     0xb803 Drivers/STM32F4xx_HAL_Driver/Src/stm32f4xx_hal.o
 .debug_macro   0x000000000000dca4       0x43 Drivers/STM32F4xx_HAL_Driver/Src/stm32f4xx_hal.o
 .debug_macro   0x000000000000dce7     0x3535 Drivers/STM32F4xx_HAL_Driver/Src/stm32f4xx_hal.o
 .debug_macro   0x000000000001121c       0x58 Drivers/STM32F4xx_HAL_Driver/Src/stm32f4xx_hal.o
 .debug_macro   0x0000000000011274       0x17 Drivers/STM32F4xx_HAL_Driver/Src/stm32f4xx_hal.o
 .debug_macro   0x000000000001128b       0x35 Drivers/STM32F4xx_HAL_Driver/Src/stm32f4xx_hal.o
 .debug_macro   0x00000000000112c0       0x9c Drivers/STM32F4xx_HAL_Driver/Src/stm32f4xx_hal.o
 .debug_macro   0x000000000001135c       0x16 Drivers/STM32F4xx_HAL_Driver/Src/stm32f4xx_hal.o
 .debug_macro   0x0000000000011372       0x97 Drivers/STM32F4xx_HAL_Driver/Src/stm32f4xx_hal.o
 .debug_macro   0x0000000000011409      0x330 Drivers/STM32F4xx_HAL_Driver/Src/stm32f4xx_hal.o
 .debug_macro   0x0000000000011739       0xfd Drivers/STM32F4xx_HAL_Driver/Src/stm32f4xx_hal.o
 .debug_macro   0x0000000000011836       0x10 Drivers/STM32F4xx_HAL_Driver/Src/stm32f4xx_hal.o
 .debug_macro   0x0000000000011846       0x58 Drivers/STM32F4xx_HAL_Driver/Src/stm32f4xx_hal.o
 .debug_macro   0x000000000001189e       0x1f Drivers/STM32F4xx_HAL_Driver/Src/stm32f4xx_hal.o
 .debug_macro   0x00000000000118bd       0x43 Drivers/STM32F4xx_HAL_Driver/Src/stm32f4xx_hal.o
 .debug_macro   0x0000000000011900       0x20 Drivers/STM32F4xx_HAL_Driver/Src/stm32f4xx_hal.o
 .debug_macro   0x0000000000011920      0x18e Drivers/STM32F4xx_HAL_Driver/Src/stm32f4xx_hal.o
 .debug_macro   0x0000000000011aae       0x10 Drivers/STM32F4xx_HAL_Driver/Src/stm32f4xx_hal.o
 .debug_macro   0x0000000000011abe       0x1c Drivers/STM32F4xx_HAL_Driver/Src/stm32f4xx_hal.o
 .debug_macro   0x0000000000011ada       0x52 Drivers/STM32F4xx_HAL_Driver/Src/stm32f4xx_hal.o
 .debug_macro   0x0000000000011b2c       0x40 Drivers/STM32F4xx_HAL_Driver/Src/stm32f4xx_hal.o
 .debug_macro   0x0000000000011b6c       0x10 Drivers/STM32F4xx_HAL_Driver/Src/stm32f4xx_hal.o
 .debug_macro   0x0000000000011b7c       0x40 Drivers/STM32F4xx_HAL_Driver/Src/stm32f4xx_hal.o
 .debug_macro   0x0000000000011bbc       0xd7 Drivers/STM32F4xx_HAL_Driver/Src/stm32f4xx_hal.o
 .debug_macro   0x0000000000011c93       0x1c Drivers/STM32F4xx_HAL_Driver/Src/stm32f4xx_hal.o
 .debug_macro   0x0000000000011caf       0x3d Drivers/STM32F4xx_HAL_Driver/Src/stm32f4xx_hal.o
 .debug_macro   0x0000000000011cec       0x16 Drivers/STM32F4xx_HAL_Driver/Src/stm32f4xx_hal.o
 .debug_macro   0x0000000000011d02      0x16f Drivers/STM32F4xx_HAL_Driver/Src/stm32f4xx_hal.o
 .debug_macro   0x0000000000011e71       0x50 Drivers/STM32F4xx_HAL_Driver/Src/stm32f4xx_hal.o
 .debug_macro   0x0000000000011ec1      0x447 Drivers/STM32F4xx_HAL_Driver/Src/stm32f4xx_hal.o
 .debug_macro   0x0000000000012308      0xa02 Drivers/STM32F4xx_HAL_Driver/Src/stm32f4xx_hal.o
 .debug_macro   0x0000000000012d0a      0x11e Drivers/STM32F4xx_HAL_Driver/Src/stm32f4xx_hal.o
 .debug_macro   0x0000000000012e28      0x11b Drivers/STM32F4xx_HAL_Driver/Src/stm32f4xx_hal.o
 .debug_macro   0x0000000000012f43       0x27 Drivers/STM32F4xx_HAL_Driver/Src/stm32f4xx_hal.o
 .debug_macro   0x0000000000012f6a      0x287 Drivers/STM32F4xx_HAL_Driver/Src/stm32f4xx_hal.o
 .debug_macro   0x00000000000131f1       0x5f Drivers/STM32F4xx_HAL_Driver/Src/stm32f4xx_hal.o
 .debug_macro   0x0000000000013250      0x23a Drivers/STM32F4xx_HAL_Driver/Src/stm32f4xx_hal.o
 .debug_macro   0x000000000001348a      0x13a Drivers/STM32F4xx_HAL_Driver/Src/stm32f4xx_hal.o
 .debug_macro   0x00000000000135c4      0x264 Drivers/STM32F4xx_HAL_Driver/Src/stm32f4xx_hal.o
 .debug_macro   0x0000000000013828       0x2e Drivers/STM32F4xx_HAL_Driver/Src/stm32f4xx_hal.o
 .debug_macro   0x0000000000013856      0x1a7 Drivers/STM32F4xx_HAL_Driver/Src/stm32f4xx_hal.o
 .debug_macro   0x00000000000139fd       0x22 Drivers/STM32F4xx_HAL_Driver/Src/stm32f4xx_hal.o
 .debug_macro   0x0000000000013a1f       0xa5 Drivers/STM32F4xx_HAL_Driver/Src/stm32f4xx_hal.o
 .debug_macro   0x0000000000013ac4      0x192 Drivers/STM32F4xx_HAL_Driver/Src/stm32f4xx_hal.o
 .debug_macro   0x0000000000013c56       0x40 Drivers/STM32F4xx_HAL_Driver/Src/stm32f4xx_hal.o
 .debug_macro   0x0000000000013c96       0x3c Drivers/STM32F4xx_HAL_Driver/Src/stm32f4xx_hal.o
 .debug_macro   0x0000000000013cd2      0x11e Drivers/STM32F4xx_HAL_Driver/Src/stm32f4xx_hal.o
 .debug_macro   0x0000000000013df0       0x85 Drivers/STM32F4xx_HAL_Driver/Src/stm32f4xx_hal.o
 .debug_macro   0x0000000000013e75       0x89 Drivers/STM32F4xx_HAL_Driver/Src/stm32f4xx_hal.o
 .debug_macro   0x0000000000013efe      0x202 Drivers/STM32F4xx_HAL_Driver/Src/stm32f4xx_hal.o
 .debug_macro   0x0000000000014100      0x1df Drivers/STM32F4xx_HAL_Driver/Src/stm32f4xx_hal.o
 .debug_macro   0x00000000000142df       0x68 Drivers/STM32F4xx_HAL_Driver/Src/stm32f4xx_hal.o
 .debug_macro   0x0000000000014347      0x12d Drivers/STM32F4xx_HAL_Driver/Src/stm32f4xx_hal.o
 .debug_macro   0x0000000000014474      0x35d Drivers/STM32F4xx_HAL_Driver/Src/stm32f4xx_hal_cortex.o
 .debug_macro   0x00000000000147d1      0x395 Drivers/STM32F4xx_HAL_Driver/Src/stm32f4xx_hal_gpio.o
 .debug_macro   0x0000000000014b66      0x35d Drivers/STM32F4xx_HAL_Driver/Src/stm32f4xx_hal_hcd.o
 .debug_macro   0x0000000000014ec3      0x39d Drivers/STM32F4xx_HAL_Driver/Src/stm32f4xx_hal_i2c.o
 .debug_macro   0x0000000000015260      0x35e Drivers/STM32F4xx_HAL_Driver/Src/stm32f4xx_hal_i2s.o
 .debug_macro   0x00000000000155be      0x35d Drivers/STM32F4xx_HAL_Driver/Src/stm32f4xx_hal_i2s_ex.o
 .debug_macro   0x000000000001591b      0x381 Drivers/STM32F4xx_HAL_Driver/Src/stm32f4xx_hal_rcc.o
 .debug_macro   0x0000000000015c9c      0x35d Drivers/STM32F4xx_HAL_Driver/Src/stm32f4xx_hal_rcc_ex.o
 .debug_macro   0x0000000000015ff9      0x365 Drivers/STM32F4xx_HAL_Driver/Src/stm32f4xx_hal_spi.o
 .debug_macro   0x000000000001635e      0x364 Drivers/STM32F4xx_HAL_Driver/Src/stm32f4xx_ll_usb.o
 .debug_macro   0x00000000000166c2      0x41d Middlewares/ST/STM32_USB_Host_Library/Class/CDC/Src/usbh_cdc.o
 .debug_macro   0x0000000000016adf       0x52 Middlewares/ST/STM32_USB_Host_Library/Class/CDC/Src/usbh_cdc.o
 .debug_macro   0x0000000000016b31       0x8d Middlewares/ST/STM32_USB_Host_Library/Class/CDC/Src/usbh_cdc.o
 .debug_macro   0x0000000000016bbe       0x57 Middlewares/ST/STM32_USB_Host_Library/Class/CDC/Src/usbh_cdc.o
 .debug_macro   0x0000000000016c15       0x16 Middlewares/ST/STM32_USB_Host_Library/Class/CDC/Src/usbh_cdc.o
 .debug_macro   0x0000000000016c2b       0x35 Middlewares/ST/STM32_USB_Host_Library/Class/CDC/Src/usbh_cdc.o
 .debug_macro   0x0000000000016c60       0x16 Middlewares/ST/STM32_USB_Host_Library/Class/CDC/Src/usbh_cdc.o
 .debug_macro   0x0000000000016c76       0x29 Middlewares/ST/STM32_USB_Host_Library/Class/CDC/Src/usbh_cdc.o
 .debug_macro   0x0000000000016c9f       0x16 Middlewares/ST/STM32_USB_Host_Library/Class/CDC/Src/usbh_cdc.o
 .debug_macro   0x0000000000016cb5       0x79 Middlewares/ST/STM32_USB_Host_Library/Class/CDC/Src/usbh_cdc.o
 .debug_macro   0x0000000000016d2e      0x20c Middlewares/ST/STM32_USB_Host_Library/Class/CDC/Src/usbh_cdc.o
 .debug_macro   0x0000000000016f3a       0x2e Middlewares/ST/STM32_USB_Host_Library/Class/CDC/Src/usbh_cdc.o
 .debug_macro   0x0000000000016f68       0x28 Middlewares/ST/STM32_USB_Host_Library/Class/CDC/Src/usbh_cdc.o
 .debug_macro   0x0000000000016f90       0x28 Middlewares/ST/STM32_USB_Host_Library/Class/CDC/Src/usbh_cdc.o
 .debug_macro   0x0000000000016fb8      0x160 Middlewares/ST/STM32_USB_Host_Library/Class/CDC/Src/usbh_cdc.o
 .debug_macro   0x0000000000017118      0x41a Middlewares/ST/STM32_USB_Host_Library/Core/Src/usbh_core.o
 .debug_macro   0x0000000000017532      0x412 Middlewares/ST/STM32_USB_Host_Library/Core/Src/usbh_ctlreq.o
 .debug_macro   0x0000000000017944       0x22 Middlewares/ST/STM32_USB_Host_Library/Core/Src/usbh_ctlreq.o
 .debug_macro   0x0000000000017966      0x40c Middlewares/ST/STM32_USB_Host_Library/Core/Src/usbh_ioreq.o
 .debug_macro   0x0000000000017d72      0x40c Middlewares/ST/STM32_USB_Host_Library/Core/Src/usbh_pipes.o
 .debug_macro   0x000000000001817e      0x367 Src/gpio.o
 .debug_macro   0x00000000000184e5      0x371 Src/i2c.o
 .debug_macro   0x0000000000018856      0x371 Src/i2s.o
 .debug_macro   0x0000000000018bc7      0x394 Src/main.o
 .debug_macro   0x0000000000018f5b      0x371 Src/spi.o
 .debug_macro   0x00000000000192cc      0x35d Src/stm32f4xx_hal_msp.o
 .debug_macro   0x0000000000019629      0x367 Src/stm32f4xx_it.o
 .debug_macro   0x0000000000019990      0x368 Src/system_stm32f4xx.o
 .debug_macro   0x0000000000019cf8      0x421 Src/usb_host.o
 .debug_macro   0x000000000001a119      0x166 Src/usb_host.o
 .debug_macro   0x000000000001a27f      0x41c Src/usbh_conf.o
 .debug_macro   0x000000000001a69b      0x376 Src/usbh_platform.o

.debug_line     0x0000000000000000    0x14a58
 .debug_line    0x0000000000000000      0xaea Drivers/STM32F4xx_HAL_Driver/Src/stm32f4xx_hal.o
 .debug_line    0x0000000000000aea      0xbc9 Drivers/STM32F4xx_HAL_Driver/Src/stm32f4xx_hal_cortex.o
 .debug_line    0x00000000000016b3      0xb66 Drivers/STM32F4xx_HAL_Driver/Src/stm32f4xx_hal_gpio.o
 .debug_line    0x0000000000002219      0xce4 Drivers/STM32F4xx_HAL_Driver/Src/stm32f4xx_hal_hcd.o
 .debug_line    0x0000000000002efd     0x1b93 Drivers/STM32F4xx_HAL_Driver/Src/stm32f4xx_hal_i2c.o
 .debug_line    0x0000000000004a90      0xf50 Drivers/STM32F4xx_HAL_Driver/Src/stm32f4xx_hal_i2s.o
 .debug_line    0x00000000000059e0      0xf06 Drivers/STM32F4xx_HAL_Driver/Src/stm32f4xx_hal_i2s_ex.o
 .debug_line    0x00000000000068e6      0xcb9 Drivers/STM32F4xx_HAL_Driver/Src/stm32f4xx_hal_rcc.o
 .debug_line    0x000000000000759f      0xafd Drivers/STM32F4xx_HAL_Driver/Src/stm32f4xx_hal_rcc_ex.o
 .debug_line    0x000000000000809c     0x13f3 Drivers/STM32F4xx_HAL_Driver/Src/stm32f4xx_hal_spi.o
 .debug_line    0x000000000000948f      0xf48 Drivers/STM32F4xx_HAL_Driver/Src/stm32f4xx_ll_usb.o
 .debug_line    0x000000000000a3d7      0xcee Middlewares/ST/STM32_USB_Host_Library/Class/CDC/Src/usbh_cdc.o
 .debug_line    0x000000000000b0c5      0xcc6 Middlewares/ST/STM32_USB_Host_Library/Core/Src/usbh_core.o
 .debug_line    0x000000000000bd8b      0xcdd Middlewares/ST/STM32_USB_Host_Library/Core/Src/usbh_ctlreq.o
 .debug_line    0x000000000000ca68      0xad2 Middlewares/ST/STM32_USB_Host_Library/Core/Src/usbh_ioreq.o
 .debug_line    0x000000000000d53a      0xa88 Middlewares/ST/STM32_USB_Host_Library/Core/Src/usbh_pipes.o
 .debug_line    0x000000000000dfc2      0x913 Src/gpio.o
 .debug_line    0x000000000000e8d5      0x931 Src/i2c.o
 .debug_line    0x000000000000f206      0x978 Src/i2s.o
 .debug_line    0x000000000000fb7e      0x9a2 Src/main.o
 .debug_line    0x0000000000010520      0x934 Src/spi.o
 .debug_line    0x0000000000010e54      0x8f5 Src/stm32f4xx_hal_msp.o
 .debug_line    0x0000000000011749      0x9a2 Src/stm32f4xx_it.o
 .debug_line    0x00000000000120eb      0x91f Src/system_stm32f4xx.o
 .debug_line    0x0000000000012a0a      0xab8 Src/usb_host.o
 .debug_line    0x00000000000134c2      0xc08 Src/usbh_conf.o
 .debug_line    0x00000000000140ca      0x90f Src/usbh_platform.o
 .debug_line    0x00000000000149d9       0x7f startup/startup_stm32f411xe.o

.debug_str      0x0000000000000000    0x8850b
 .debug_str     0x0000000000000000    0x82196 Drivers/STM32F4xx_HAL_Driver/Src/stm32f4xx_hal.o
                                      0x8257d (size before relaxing)
 .debug_str     0x0000000000082196      0x3b2 Drivers/STM32F4xx_HAL_Driver/Src/stm32f4xx_hal_cortex.o
                                      0x822c1 (size before relaxing)
 .debug_str     0x0000000000082548      0x281 Drivers/STM32F4xx_HAL_Driver/Src/stm32f4xx_hal_gpio.o
                                      0x81daa (size before relaxing)
 .debug_str     0x00000000000827c9      0x847 Drivers/STM32F4xx_HAL_Driver/Src/stm32f4xx_hal_hcd.o
                                      0x8229f (size before relaxing)
 .debug_str     0x0000000000083010      0xed3 Drivers/STM32F4xx_HAL_Driver/Src/stm32f4xx_hal_i2c.o
                                      0x829a3 (size before relaxing)
 .debug_str     0x0000000000083ee3      0x429 Drivers/STM32F4xx_HAL_Driver/Src/stm32f4xx_hal_i2s.o
                                      0x8210b (size before relaxing)
 .debug_str     0x000000000008430c      0x1d1 Drivers/STM32F4xx_HAL_Driver/Src/stm32f4xx_hal_i2s_ex.o
                                      0x82031 (size before relaxing)
 .debug_str     0x00000000000844dd      0x364 Drivers/STM32F4xx_HAL_Driver/Src/stm32f4xx_hal_rcc.o
                                      0x81f74 (size before relaxing)
 .debug_str     0x0000000000084841      0x18f Drivers/STM32F4xx_HAL_Driver/Src/stm32f4xx_hal_rcc_ex.o
                                      0x81cef (size before relaxing)
 .debug_str     0x00000000000849d0      0x612 Drivers/STM32F4xx_HAL_Driver/Src/stm32f4xx_hal_spi.o
                                      0x8237e (size before relaxing)
 .debug_str     0x0000000000084fe2      0x45d Drivers/STM32F4xx_HAL_Driver/Src/stm32f4xx_ll_usb.o
                                      0x8238a (size before relaxing)
 .debug_str     0x000000000008543f     0x26ab Middlewares/ST/STM32_USB_Host_Library/Class/CDC/Src/usbh_cdc.o
                                      0x8413b (size before relaxing)
 .debug_str     0x0000000000087aea      0x2b3 Middlewares/ST/STM32_USB_Host_Library/Core/Src/usbh_core.o
                                      0x83630 (size before relaxing)
 .debug_str     0x0000000000087d9d      0x1db Middlewares/ST/STM32_USB_Host_Library/Core/Src/usbh_ctlreq.o
                                      0x83605 (size before relaxing)
 .debug_str     0x0000000000087f78       0xb2 Middlewares/ST/STM32_USB_Host_Library/Core/Src/usbh_ioreq.o
                                      0x8343a (size before relaxing)
 .debug_str     0x000000000008802a       0x80 Middlewares/ST/STM32_USB_Host_Library/Core/Src/usbh_pipes.o
                                      0x833d0 (size before relaxing)
 .debug_str     0x00000000000880aa       0x25 Src/gpio.o
                                      0x81f40 (size before relaxing)
 .debug_str     0x00000000000880cf       0x42 Src/i2c.o
                                      0x820ab (size before relaxing)
 .debug_str     0x0000000000088111       0x46 Src/i2s.o
                                      0x82006 (size before relaxing)
 .debug_str     0x0000000000088157       0xc3 Src/main.o
                                      0x82a59 (size before relaxing)
 .debug_str     0x000000000008821a       0x17 Src/spi.o
                                      0x81fef (size before relaxing)
 .debug_str     0x0000000000088231       0x1b Src/stm32f4xx_hal_msp.o
                                      0x81e8f (size before relaxing)
 .debug_str     0x000000000008824c       0xeb Src/stm32f4xx_it.o
                                      0x81ec1 (size before relaxing)
 .debug_str     0x0000000000088337       0x5a Src/system_stm32f4xx.o
                                      0x81b58 (size before relaxing)
 .debug_str     0x0000000000088391       0x99 Src/usb_host.o
                                      0x83a8c (size before relaxing)
 .debug_str     0x000000000008842a       0x9a Src/usbh_conf.o
                                      0x840dc (size before relaxing)
 .debug_str     0x00000000000884c4       0x17 Src/usbh_platform.o
                                      0x81a65 (size before relaxing)
 .debug_str     0x00000000000884db       0x30 startup/startup_stm32f411xe.o
                                         0x6f (size before relaxing)

.comment        0x0000000000000000       0x7e
 .comment       0x0000000000000000       0x7e Drivers/STM32F4xx_HAL_Driver/Src/stm32f4xx_hal.o
                                         0x7f (size before relaxing)